---------------------------------------------
Log /home/profile/logs/logs_2025-01-25_18-15-41/console.log started at 2025-01-25 18:15:41 (2025-01-25 18:15:41 UTC)

18:15:41.795 ENGINE       : FileSystem: Adding relative directory '/home/profile/logs/logs_2025-01-25_18-15-41' to filesystem under name logs
18:15:41.795 ENGINE       : FileSystem: Adding relative directory '/home/profile/profile' to filesystem under name profile
18:15:41.797 ENGINE       : Initializing engine, version 181464
18:15:41.797 ENGINE       : CLI Params: -config /reforger/Configs/reaper_justintime.json -backendlog -nothrow -maxFPS 60 -profile /home/profile -addonDownloadDir /reforger/workshop -addonsDir /reforger/workshop -autoreload 10 -loadSessionSave 
18:15:41.798 ENGINE       : Addon dirs:
18:15:41.798  ENGINE       : dir: '/reforger/workshop'
18:15:41.798  ENGINE       : dir: './addons'
18:15:41.798  ENGINE       : dir: '/home/profile/addons'
18:15:41.798 ENGINE       : Available addons:
18:15:41.798  ENGINE       : gproj: './addons/data/ArmaReforger.gproj' guid: '58D0FB3206B6F859' (packed)
18:15:41.798  ENGINE       : gproj: './addons/core/core.gproj' guid: '5614BBCCBB55ED1C' (packed)
18:15:41.869 ENGINE       : FileSystem: Adding package './addons/data/' (pak count: 4) to filesystem under name ArmaReforger
18:15:41.870 ENGINE       : FileSystem: Adding package './addons/core/' (pak count: 1) to filesystem under name core
18:15:41.870 RESOURCES    : ResourceDB: loading cache (id=0 name=ArmaReforger path=./addons/data/resourceDatabase.rdb)
18:15:42.014 RESOURCES    : ResourceDB: loading cache (id=1 name=core path=./addons/core/resourceDatabase.rdb)
18:15:42.048 RESOURCES    : ResourceDB: loading cache (id=2 name=profile path=/home/profile/profile/resourceDatabase.rdb)
18:15:42.048 RESOURCES    : ResourceDB: loading cache (id=3 name=logs path=/home/profile/logs/logs_2025-01-25_18-15-41/resourceDatabase.rdb)
18:15:42.153 ENGINE       : GameProject load
18:15:42.153  ENGINE       : Loaded addons:
18:15:42.153   ENGINE       : gproj: './addons/core/core.gproj' guid: '5614BBCCBB55ED1C'
18:15:42.153   ENGINE       : gproj: './addons/data/ArmaReforger.gproj' guid: '58D0FB3206B6F859'
18:15:42.154 ENGINE       : GameProject load
18:15:42.154  INIT         : GameProject load project data @"./addons/data/ArmaReforger.gproj"
18:15:42.154   RESOURCES (E): Wrong GUID/name for resource @"{C014582791ECBF24}Language/localization.st" in property "StringTableSource"
18:15:42.154 ENGINE       : Loading custom engine user config '$profile:.save/settings/ReforgerEngineSettings.conf'
18:15:42.154 INIT         : GameProject engine user settings load @"$profile:.save/settings/ReforgerEngineSettings.conf"
18:15:42.154  ENGINE       : Engine user settings config loaded
18:15:42.155 RENDER       : Basic screen setup:
18:15:42.155 RENDER       :   Back buffer width x height: 0x0
18:15:42.155 RENDER       :   Back buffer format	       : TEXFMT_UNKNOWN (0)
18:15:42.155 RENDER       :   MSAA                      : none
18:15:42.155 RENDER       : GPU_DUMMY (0xFFFF) (Enfusion dummy render) with 1 GPU detected, VRAM 128MB (fast 128MB), shared 128MB, driver version Unknown version, stereo not available
18:15:42.155 RENDER       : Detected output devices:
18:15:42.155 RENDER       :  * 1 device/s connected to Dummy:
18:15:42.155 RENDER       :    Dummy output (Dummy device for our dummy render.), 1920x1080 (offset 0x0), 60Hz
18:15:42.155 RENDER       :   Concurrent frames limit 2
18:15:42.155 ENGINE       : Job system settings: coreCount=8, shortJobContextCount=8, shortJobThreadCount=7, longJobThreadCount=3
18:15:42.272 AUDIO     (E): Audio device initialization failed with error: 9
18:15:42.277 ENGINE       : Initializing inputs.
18:15:42.282 NETWORK      : Initializing networking.
18:15:42.282 SCRIPT       : SCRIPT       : Initializing scripts
18:15:42.282  SCRIPT       : SCRIPT       : ScriptProjectManager init
18:15:42.282  PROFILING    : ScriptProjectManager init took: 0.016000 ms
18:15:42.302 PROFILING    : Initializing scripts took: 19.552000 ms
18:15:42.302 ENGINE       : Enfusion engine successfully created.
18:15:42.405 GUI          : Using default language (en_us)
18:15:42.405 GUI          : Loading 'en_us' localization file.
18:15:42.405 INIT         : INIT         : Loading StringTable
18:15:42.435 PROFILING    : Loading StringTable took: 30.233000 ms
18:15:42.435 SCRIPT       : SCRIPT       : Compiling GameLib scripts
18:15:42.460  SCRIPT       : Module: GameLib; loaded 301x files; 528x classes; used 478/2097 kB (22%) of static memory; defines: "PLATFORM_LINUX,ENF_ENABLE_VHC_OVERRIDE,ENF_ENABLE_RPLCOMPONENT_IN_GAMECODE"; CRC32: 3bbbb874
18:15:42.463 PROFILING    : Compiling GameLib scripts took: 27.611000 ms
18:15:42.463 SCRIPT       : SCRIPT       : Compiling Game scripts
18:15:43.192 SCRIPT       : Compiling Game scripts
18:15:43.192  SCRIPT    (W): @"scripts/Game/Campaign/UI/SCR_CampaignUIMutePlayerComponent.c,28": 'GetPlayerBlockedState' is obsolete: Session blocking is no longer supported.
18:15:43.192  SCRIPT    (W): @"scripts/Game/Campaign/UI/SCR_CampaignUIMutePlayerComponent.c,30": 'SetPlayerBlockedState' is obsolete: Session blocking is no longer supported.
18:15:43.192  SCRIPT    (W): @"scripts/Game/Campaign/UI/SCR_CampaignUIMutePlayerComponent.c,35": 'SetPlayerBlockedState' is obsolete: Session blocking is no longer supported.
18:15:43.378  SCRIPT    (W): @"scripts/Game/Groups/SCR_GroupTileButton.c,671": 'GetPlayerMutedState' is obsolete: Use SocialComponent.IsMuted(playerId).
18:15:43.487  SCRIPT    (W): @"scripts/Game/UI/HUD/SCR_PlayerListMenu.c,436": 'SetPlayerMutedState' is obsolete: Use SocialComponent.SetMuted(playerId, muted).
18:15:43.487  SCRIPT    (W): @"scripts/Game/UI/HUD/SCR_PlayerListMenu.c,438": 'GetPlayerMutedState' is obsolete: Use SocialComponent.IsMuted(playerId).
18:15:43.487  SCRIPT    (W): @"scripts/Game/UI/HUD/SCR_PlayerListMenu.c,499": 'GetPlayerMutedState' is obsolete: Use SocialComponent.IsMuted(playerId).
18:15:43.487  SCRIPT    (W): @"scripts/Game/UI/HUD/SCR_PlayerListMenu.c,474": Variable 'enableBlock' is not used
18:15:43.488  SCRIPT    (W): @"scripts/Game/UI/HUD/SCR_PlayerListMenu.c,1133": 'GetPlayerMutedState' is obsolete: Use SocialComponent.IsMuted(playerId).
18:15:43.488  SCRIPT    (W): @"scripts/Game/UI/HUD/SCR_PlayerListMenu.c,1136": 'GetPlayerMutedState' is obsolete: Use SocialComponent.IsMuted(playerId).
18:15:43.488  SCRIPT    (W): @"scripts/Game/UI/HUD/SCR_PlayerListMenu.c,1140": 'GetPlayerMutedState' is obsolete: Use SocialComponent.IsMuted(playerId).
18:15:43.623  SCRIPT       : Module: Game; loaded 4395x files; 8943x classes; used 19363/41943 kB (46%) of static memory; defines: "PLATFORM_LINUX,ENF_ENABLE_VHC_OVERRIDE,ENF_ENABLE_RPLCOMPONENT_IN_GAMECODE,ENABLE_BASE_DESTRUCTION,DEBUG,RESPAWN_TIMER_COMPONENT_DEBUG,DEBUG_NEARBY_CONTEXT_DISPLAY,DEBUG_CONFIGURABLE_DIALOGS,DISABLE_WEAPON_SWITCHING,SCRIPTED_AIM_MODIFIER_DEBUG"; CRC32: 237f9ed2
18:15:44.142 PROFILING    : Compiling Game scripts took: 1679.269000 ms
18:15:44.143 INIT         : Creating game instance(ArmaReforgerScripted), version 1.2.1.189 built 2025-01-21 9:02:04 UTC.
18:15:44.156 BACKEND      : Loading dedicated server config.
18:15:44.156  BACKEND      : Server config loaded.
18:15:44.156 BACKEND      : Loading dedicated server config.
18:15:44.156  BACKEND      : JSON Schema Validation:
18:15:44.156   BACKEND      : pattern error:
18:15:44.156    BACKEND   (E): Value of "#/game/mods/3/modId" does not match the required pattern. Value: "RHS - Status Quo"
18:15:44.156    BACKEND   (E): RegEx Pattern: "^[0-9a-fA-F]{16}$"
18:15:44.156    BACKEND   (E): Pattern Description: "Param must contain addon ID in format of 16 numbers or letters (A-F)."
18:15:44.156    BACKEND   (E): Reference in schema: "#/properties/game/properties/mods/items/properties/modId"
18:15:44.156   BACKEND   (E): JSON is invalid!
18:15:44.156  BACKEND   (E): There are errors in server config!
18:15:44.156 BACKEND   (E): Unable to continue with a broken DS config! Shutdown!
18:15:44.156 ENGINE    (E): Error while initializing game.
18:15:44.286 ENGINE    (E): Unable to initialize the game
18:15:44.315 ENGINE       : Game destroyed.
18:15:44.332 RPL          : Pip::Destroy
18:15:44.334 RESOURCES (E): ==== Resource leaks ====
18:15:44.334 RESOURCES (E): ui/fonts/robotomono_msdf_28.edds   1
