---------------------------------------------
Log /home/profile/logs/logs_2025-01-26_02-35-04/error.log started at 2025-01-26 02:35:05 (2025-01-26 02:35:05 UTC)

02:35:05.202 ENGINE       : GameProject load
02:35:05.202  INIT         : GameProject load project data @"./addons/data/ArmaReforger.gproj"
02:35:05.202   RESOURCES (E): Wrong GUID/name for resource @"{C014582791ECBF24}Language/localization.st" in property "StringTableSource"
02:35:05.327 AUDIO     (E): Audio device initialization failed with error: 9
02:35:06.247 SCRIPT       : Compiling Game scripts
02:35:06.247  SCRIPT    (W): @"scripts/Game/Campaign/UI/SCR_CampaignUIMutePlayerComponent.c,28": 'GetPlayerBlockedState' is obsolete: Session blocking is no longer supported.
02:35:06.247  SCRIPT    (W): @"scripts/Game/Campaign/UI/SCR_CampaignUIMutePlayerComponent.c,30": 'SetPlayerBlockedState' is obsolete: Session blocking is no longer supported.
02:35:06.247  SCRIPT    (W): @"scripts/Game/Campaign/UI/SCR_CampaignUIMutePlayerComponent.c,35": 'SetPlayerBlockedState' is obsolete: Session blocking is no longer supported.
02:35:06.437  SCRIPT    (W): @"scripts/Game/Groups/SCR_GroupTileButton.c,671": 'GetPlayerMutedState' is obsolete: Use SocialComponent.IsMuted(playerId).
02:35:06.549  SCRIPT    (W): @"scripts/Game/UI/HUD/SCR_PlayerListMenu.c,436": 'SetPlayerMutedState' is obsolete: Use SocialComponent.SetMuted(playerId, muted).
02:35:06.550  SCRIPT    (W): @"scripts/Game/UI/HUD/SCR_PlayerListMenu.c,438": 'GetPlayerMutedState' is obsolete: Use SocialComponent.IsMuted(playerId).
02:35:06.550  SCRIPT    (W): @"scripts/Game/UI/HUD/SCR_PlayerListMenu.c,499": 'GetPlayerMutedState' is obsolete: Use SocialComponent.IsMuted(playerId).
02:35:06.550  SCRIPT    (W): @"scripts/Game/UI/HUD/SCR_PlayerListMenu.c,474": Variable 'enableBlock' is not used
02:35:06.550  SCRIPT    (W): @"scripts/Game/UI/HUD/SCR_PlayerListMenu.c,1133": 'GetPlayerMutedState' is obsolete: Use SocialComponent.IsMuted(playerId).
02:35:06.550  SCRIPT    (W): @"scripts/Game/UI/HUD/SCR_PlayerListMenu.c,1136": 'GetPlayerMutedState' is obsolete: Use SocialComponent.IsMuted(playerId).
02:35:06.550  SCRIPT    (W): @"scripts/Game/UI/HUD/SCR_PlayerListMenu.c,1140": 'GetPlayerMutedState' is obsolete: Use SocialComponent.IsMuted(playerId).
02:35:07.238 BACKEND      : Loading dedicated server config.
02:35:07.238  RESOURCES    : GetResourceObject @"{691E6388556B67A5}Missions/REAPER_JustInTime.conf"
02:35:07.238   RESOURCES (E): Failed to open
02:35:07.238  RESOURCES (E): MissionHeader::ReadMissionHeader cannot load the resource 'Missions/REAPER_JustInTime.conf'!
02:35:50.151 ENGINE       : GameProject load
02:35:50.151  INIT         : GameProject load project data @"./addons/data/ArmaReforger.gproj"
02:35:50.151   RESOURCES (E): Wrong GUID/name for resource @"{C014582791ECBF24}Language/localization.st" in property "StringTableSource"
02:35:50.151  INIT         : GameProject load project data @"/reforger/workshop/addons/RHS-StatusQuo_595F2BF2F44836FB/addon.gproj"
02:35:50.151   RESOURCES (E): Wrong GUID/name for resource @"{0AFDD005CD669892}Language/rhs_localization.st" in property "StringTableSource"
02:35:50.995 SCRIPT       : Compiling Game scripts
02:35:50.995  SCRIPT    (W): @"Scripts/Game/Campaign/UI/SCR_CampaignUIMutePlayerComponent.c,28": 'GetPlayerBlockedState' is obsolete: Session blocking is no longer supported.
02:35:50.995  SCRIPT    (W): @"Scripts/Game/Campaign/UI/SCR_CampaignUIMutePlayerComponent.c,30": 'SetPlayerBlockedState' is obsolete: Session blocking is no longer supported.
02:35:50.995  SCRIPT    (W): @"Scripts/Game/Campaign/UI/SCR_CampaignUIMutePlayerComponent.c,35": 'SetPlayerBlockedState' is obsolete: Session blocking is no longer supported.
02:35:51.192  SCRIPT    (W): @"Scripts/Game/Groups/SCR_GroupTileButton.c,671": 'GetPlayerMutedState' is obsolete: Use SocialComponent.IsMuted(playerId).
02:35:51.305  SCRIPT    (W): @"Scripts/Game/UI/HUD/SCR_PlayerListMenu.c,436": 'SetPlayerMutedState' is obsolete: Use SocialComponent.SetMuted(playerId, muted).
02:35:51.305  SCRIPT    (W): @"Scripts/Game/UI/HUD/SCR_PlayerListMenu.c,438": 'GetPlayerMutedState' is obsolete: Use SocialComponent.IsMuted(playerId).
02:35:51.305  SCRIPT    (W): @"Scripts/Game/UI/HUD/SCR_PlayerListMenu.c,499": 'GetPlayerMutedState' is obsolete: Use SocialComponent.IsMuted(playerId).
02:35:51.305  SCRIPT    (W): @"Scripts/Game/UI/HUD/SCR_PlayerListMenu.c,474": Variable 'enableBlock' is not used
02:35:51.306  SCRIPT    (W): @"Scripts/Game/UI/HUD/SCR_PlayerListMenu.c,1133": 'GetPlayerMutedState' is obsolete: Use SocialComponent.IsMuted(playerId).
02:35:51.306  SCRIPT    (W): @"Scripts/Game/UI/HUD/SCR_PlayerListMenu.c,1136": 'GetPlayerMutedState' is obsolete: Use SocialComponent.IsMuted(playerId).
02:35:51.306  SCRIPT    (W): @"Scripts/Game/UI/HUD/SCR_PlayerListMenu.c,1140": 'GetPlayerMutedState' is obsolete: Use SocialComponent.IsMuted(playerId).
02:35:52.501 INIT         : InputManager config load @"{795184CF9AD764DB}Configs/System/chimeraInputCommon.conf"
02:35:52.501  INPUT     (E): InputManager: unknown key ''
02:35:52.501  INPUT     (E): InputManager: unknown key ''
02:35:52.501  INPUT     (E): InputManager: unknown key ''
02:35:52.501  INPUT     (E): InputManager: unknown key ''
02:35:53.673 WORLD        : Entities load @"{552B52BC2D30A4CE}JustInTime.ent"
02:35:53.673  WORLD        : Subscene load @"{853E92315D1D9EFE}worlds/Eden/Eden.ent"
02:35:53.673   RESOURCES    : GetResourceObject @"{C8FAB83670BCF7C3}Prefabs/Structures/Cultural/Calvaries/CalvaryLarge_01.et"
02:35:53.673    WORLD        : Entity prefab load @"{C8FAB83670BCF7C3}Prefabs/Structures/Cultural/Calvaries/CalvaryLarge_01.et"
02:35:53.673     RESOURCES (E): Wrong GUID/name for resource @"{45ECF6B1797D3CD9}system/wbdata/PreviewWindow/TransparentMat.emat" in property "AssignedMaterial"
02:35:53.909  WORLD        : Entity layer load @"JustInTime_Layers/AI_Montignac.layer"
02:35:53.909   RESOURCES    : GetResourceObject @"{16C1F16C9B053801}Prefabs/Vehicles/Wheeled/Ural4320/Ural4320_transport.et"
02:35:53.909    WORLD        : Entity prefab load @"{16C1F16C9B053801}Prefabs/Vehicles/Wheeled/Ural4320/Ural4320_transport.et"
02:35:53.909     RESOURCES    : GetResourceObject @"{4597626AF36C0858}Prefabs/Vehicles/Wheeled/Ural4320/Ural4320.et"
02:35:53.909      WORLD        : Entity prefab load @"{4597626AF36C0858}Prefabs/Vehicles/Wheeled/Ural4320/Ural4320.et"
02:35:53.909       RESOURCES    : GetResourceObject @"{4597626AF36C0858}Prefabs/Vehicles/Wheeled/Ural4320/Ural4320.et"
02:35:53.909        WORLD        : Entity prefab load @"{4597626AF36C0858}Prefabs/Vehicles/Wheeled/Ural4320/Ural4320.et"
02:35:53.909         RESOURCES    : GetResourceObject @"{E03D5609EEA6E03D}Prefabs/Vehicles/Core/Wheeled_Truck_Base.et"
02:35:53.909          WORLD        : Entity prefab load @"{E03D5609EEA6E03D}Prefabs/Vehicles/Core/Wheeled_Truck_Base.et"
02:35:53.909           RESOURCES    : GetResourceObject @"{62F416029692CE40}Prefabs/Vehicles/Core/Wheeled_Base.et"
02:35:53.909            WORLD        : Entity prefab load @"{62F416029692CE40}Prefabs/Vehicles/Core/Wheeled_Base.et"
02:35:53.909             RESOURCES    : GetResourceObject @"{FA11A8598F401058}Prefabs/Vehicles/Core/Configs/PilotCompartment_Base.conf"
02:35:53.909              DEFAULT      : Config load @"{FA11A8598F401058}Prefabs/Vehicles/Core/Configs/PilotCompartment_Base.conf"
02:35:53.909               DEFAULT   (E): Unknown keyword/data 'BrakeEffect' at offset 2202(0x89a)
02:35:53.909               DEFAULT   (E): Unknown keyword/data 'BrakeEffectReverse' at offset 2375(0x947)
02:35:54.816 RESOURCES    : Particle effect load @"Assets/Weapons/BARRETT_M107A1/Particles/M107_blast.ptc"
02:35:54.816  RESOURCES (E): Wrong GUID/name for resource @"{29FBEC1991810EEF}system/wbdata/ParticleEditor/defaultPrefab.et" in property "Prefab"
02:35:54.816  RESOURCES (E): Wrong GUID/name for resource @"{29FBEC1991810EEF}system/wbdata/ParticleEditor/defaultPrefab.et" in property "Prefab"
02:35:54.816  RESOURCES (E): Wrong GUID/name for resource @"{29FBEC1991810EEF}system/wbdata/ParticleEditor/defaultPrefab.et" in property "Prefab"
02:35:54.816  RESOURCES (E): Wrong GUID/name for resource @"{29FBEC1991810EEF}system/wbdata/ParticleEditor/defaultPrefab.et" in property "Prefab"
02:35:54.926 RESOURCES    : Particle effect load @"Particles/Weapon/Explosion_TM62M_AT_Mine_LOD1.ptc"
02:35:54.926  RESOURCES (E): Wrong GUID/name for resource @"{29FBEC1991810EEF}system/wbdata/ParticleEditor/defaultPrefab.et" in property "Prefab"
02:35:54.926 RESOURCES    : Particle effect load @"Particles/Weapon/Explosion_TM62M_AT_Mine.ptc"
02:35:54.926  RESOURCES (E): Wrong GUID/name for resource @"{29FBEC1991810EEF}system/wbdata/ParticleEditor/defaultPrefab.et" in property "Prefab"
02:35:54.926 RESOURCES    : Particle effect load @"Particles/Weapon/Explosion_TM62M_AT_Mine_LOD2.ptc"
02:35:54.926  RESOURCES (E): Wrong GUID/name for resource @"{29FBEC1991810EEF}system/wbdata/ParticleEditor/defaultPrefab.et" in property "Prefab"
02:35:57.558 MATERIAL     : Material load @"{63F10E1A366AE509}Assets/Structures/BuildingsParts/Electrical/SpeakerAddon_E_01/Data/Speaker_Addon_E_01_grate.emat"
02:35:57.558  MATERIAL     : Material load @"{63F10E1A366AE509}Assets/Structures/BuildingsParts/Electrical/SpeakerAddon_E_01/Data/Speaker_Addon_E_01_grate.emat"
02:35:57.558   MATERIAL  (E): Unknown keyword/data 'ClutterThresholdAngle' at offset 64(0x40)
02:35:59.415 WORLD        : Game::LoadEntities
02:35:59.415  WORLD        : CreateEntities
02:35:59.415   WORLD        : CreateEntities
02:35:59.415    WORLD        : NotifyBeforeEntitiesCreated
02:35:59.415     RESOURCES    : GetResourceObject '$RHSStatusQuo:Missions/RHS_Conflict.conf'
02:35:59.415      DEFAULT      : Config load '$RHSStatusQuo:Missions/RHS_Conflict.conf'
02:35:59.415       DEFAULT   (E): Unknown keyword/data 'm_iMaximumRespawnRadios' at offset 685(0x2ad)
02:35:59.416     RESOURCES    : GetResourceObject '$RHSStatusQuo:Missions/RHS_ConflictWithoutAIs.conf'
02:35:59.416      DEFAULT      : Config load '$RHSStatusQuo:Missions/RHS_ConflictWithoutAIs.conf'
02:35:59.416       RESOURCES    : GetResourceObject @"{AAD43C10045857C1}Missions/RHS_Conflict.conf"
02:35:59.416        DEFAULT      : Config load @"{AAD43C10045857C1}Missions/RHS_Conflict.conf"
02:35:59.416         DEFAULT   (E): Unknown keyword/data 'm_iMaximumRespawnRadios' at offset 685(0x2ad)
02:35:59.416       DEFAULT   (E): Unknown keyword/data 'm_iMaximumRespawnRadios' at offset 256(0x100)
02:35:59.416     RESOURCES    : GetResourceObject '$RHSStatusQuo:Missions/RHS_Conflict_Arland.conf'
02:35:59.416      DEFAULT      : Config load '$RHSStatusQuo:Missions/RHS_Conflict_Arland.conf'
02:35:59.416       DEFAULT   (E): Unknown keyword/data 'm_iMaximumRespawnRadios' at offset 766(0x2fe)
02:35:59.416     RESOURCES    : GetResourceObject '$RHSStatusQuo:Missions/RHS_Conflict_East.conf'
02:35:59.416      DEFAULT      : Config load '$RHSStatusQuo:Missions/RHS_Conflict_East.conf'
02:35:59.416       DEFAULT   (E): Unknown keyword/data 'm_iMaximumRespawnRadios' at offset 278(0x116)
02:35:59.416     RESOURCES    : GetResourceObject '$RHSStatusQuo:Missions/RHS_Conflict_West.conf'
02:35:59.416      DEFAULT      : Config load '$RHSStatusQuo:Missions/RHS_Conflict_West.conf'
02:35:59.416       DEFAULT   (E): Unknown keyword/data 'm_iMaximumRespawnRadios' at offset 276(0x114)
02:35:59.554    ENTITY       : Create entity @"ENTITY:1" ('world', GenericWorldEntity) at <0.000000 0.000000 0.000000>
02:35:59.554     RESOURCES (E):   Failed to decompress memory image data. Data is not DXT.
02:35:59.554     WORLD     (E): Shore map CPU data creation failed - decompression of DF near atlas texture failed.
02:35:59.556     WORLD     (E): Loading of shore map failed - creation of CPU data failed
02:35:59.556     WORLD     (E): Loading of shore map failed - post load checks failed
02:36:04.017    ENTITY       : Create entity @"ENTITY:47511" ('PreloadManager1', BasePreloadManager) at <0.033000 0.000000 -0.021000> @"{104F8505FD1871EF}Prefabs/World/Game/PreloadManager.et"
02:36:04.017     ENTITY       : SpawnEntityPrefab @"{6058AB54781A0C52}Prefabs/Characters/Factions/BLUFOR/US_Army/Character_US_AMG.et"
02:36:04.017      WORLD        : InitEntities 'PreloadWorld'
02:36:04.017       ENTITY       : Init entity @"ENTITY:1" ('SCR_ChimeraCharacter','Assets/Character/Men/REAPER_BaseBody_Upgrade.xob') at <0.000000 0.000000 0.000000> @"{6058AB54781A0C52}Prefabs/Characters/Factions/BLUFOR/US_Army/Character_US_AMG.et"
02:36:04.017        INVENTORY (E): Couldn't insert item @"ENTITY:55" ('GenericEntity','Assets/Weapons/Magazines/STANAG/Magazine_30rnd_STANAG.xob') at <0.000000 0.000000 0.000000> @"{D8F2CA92583B23D3}Prefabs/Weapons/Magazines/Magazine_556x45_STANAG_30rnd_M855_M856_Last_5Tracer.et" into storage @"ENTITY:22" ('GenericEntity','Assets/Items/Equipment/Accessories/Pouch_ALICE_30rnd_STANAG/Pouch_ALICE_30rnd_STANAG.xob') at <-0.144399 1.162781 0.105744> @"{E3154E0EAC48D67B}Prefabs/Items/Equipment/Accessories/Pouch_ALICE_30rnd_STANAG/Pouch_ALICE_30rnd_STANAG.et" while spawning initial items inside the storage.
02:36:04.017        NETWORK   (W): Replication: RplComponent on entity @"ENTITY:55" ('GenericEntity','Assets/Weapons/Magazines/STANAG/Magazine_30rnd_STANAG.xob') at <0.000000 0.000000 0.000000> @"{D8F2CA92583B23D3}Prefabs/Weapons/Magazines/Magazine_556x45_STANAG_30rnd_M855_M856_Last_5Tracer.et" destroyed during loading of the world. This might cause issues with startup sync!
02:36:04.017        INVENTORY (E): Couldn't insert item @"ENTITY:56" ('GenericEntity','Assets/Weapons/Magazines/STANAG/Magazine_30rnd_STANAG.xob') at <0.000000 0.000000 0.000000> @"{D8F2CA92583B23D3}Prefabs/Weapons/Magazines/Magazine_556x45_STANAG_30rnd_M855_M856_Last_5Tracer.et" into storage @"ENTITY:22" ('GenericEntity','Assets/Items/Equipment/Accessories/Pouch_ALICE_30rnd_STANAG/Pouch_ALICE_30rnd_STANAG.xob') at <-0.144399 1.162781 0.105744> @"{E3154E0EAC48D67B}Prefabs/Items/Equipment/Accessories/Pouch_ALICE_30rnd_STANAG/Pouch_ALICE_30rnd_STANAG.et" while spawning initial items inside the storage.
02:36:04.017        NETWORK   (W): Replication: RplComponent on entity @"ENTITY:56" ('GenericEntity','Assets/Weapons/Magazines/STANAG/Magazine_30rnd_STANAG.xob') at <0.000000 0.000000 0.000000> @"{D8F2CA92583B23D3}Prefabs/Weapons/Magazines/Magazine_556x45_STANAG_30rnd_M855_M856_Last_5Tracer.et" destroyed during loading of the world. This might cause issues with startup sync!
02:36:04.017        INVENTORY (E): Couldn't insert item @"ENTITY:57" ('GenericEntity','Assets/Weapons/Magazines/STANAG/Magazine_30rnd_STANAG.xob') at <0.000000 0.000000 0.000000> @"{D8F2CA92583B23D3}Prefabs/Weapons/Magazines/Magazine_556x45_STANAG_30rnd_M855_M856_Last_5Tracer.et" into storage @"ENTITY:22" ('GenericEntity','Assets/Items/Equipment/Accessories/Pouch_ALICE_30rnd_STANAG/Pouch_ALICE_30rnd_STANAG.xob') at <-0.144399 1.162781 0.105744> @"{E3154E0EAC48D67B}Prefabs/Items/Equipment/Accessories/Pouch_ALICE_30rnd_STANAG/Pouch_ALICE_30rnd_STANAG.et" while spawning initial items inside the storage.
02:36:04.017        NETWORK   (W): Replication: RplComponent on entity @"ENTITY:57" ('GenericEntity','Assets/Weapons/Magazines/STANAG/Magazine_30rnd_STANAG.xob') at <0.000000 0.000000 0.000000> @"{D8F2CA92583B23D3}Prefabs/Weapons/Magazines/Magazine_556x45_STANAG_30rnd_M855_M856_Last_5Tracer.et" destroyed during loading of the world. This might cause issues with startup sync!
02:36:04.048     ENTITY       : SpawnEntityPrefab @"{5B1996C05B1E51A4}Prefabs/Characters/Factions/BLUFOR/US_Army/Character_US_AR.et"
02:36:04.048      WORLD        : InitEntities 'PreloadWorld'
02:36:04.048       ENTITY       : Init entity @"ENTITY:61" ('SCR_ChimeraCharacter','Assets/Character/Men/REAPER_BaseBody_Upgrade.xob') at <0.000000 0.000000 0.000000> @"{5B1996C05B1E51A4}Prefabs/Characters/Factions/BLUFOR/US_Army/Character_US_AR.et"
02:36:04.048        INVENTORY (E): Couldn't insert item @"ENTITY:103" ('GenericEntity','Assets/Weapons/Magazines/M249/Magazine_200rnd_M249_item.xob') at <0.000000 0.000000 0.000000> @"{06D722FC2666EB83}Prefabs/Weapons/Magazines/Box_556x45_M249_200rnd_4Ball_1Tracer.et" into storage @"ENTITY:78" ('GenericEntity','Assets/Items/Equipment/Accessories/Pouch_ALICE_200rnd_M249/Pouch_ALICE_200rnd_M249.xob') at <-0.160200 1.020988 0.135575> @"{4F018E3CF74D8636}Prefabs/Items/Equipment/Accessories/Pouch_ALICE_200rnd_M249/Pouch_ALICE_200rnd_M249.et" while spawning initial items inside the storage.
02:36:04.048        NETWORK   (W): Replication: RplComponent on entity @"ENTITY:103" ('GenericEntity','Assets/Weapons/Magazines/M249/Magazine_200rnd_M249_item.xob') at <0.000000 0.000000 0.000000> @"{06D722FC2666EB83}Prefabs/Weapons/Magazines/Box_556x45_M249_200rnd_4Ball_1Tracer.et" destroyed during loading of the world. This might cause issues with startup sync!
02:36:04.062     ENTITY       : SpawnEntityPrefab @"{84029128FA6F6BB9}Prefabs/Characters/Factions/BLUFOR/US_Army/Character_US_GL.et"
02:36:04.062      WORLD        : InitEntities 'PreloadWorld'
02:36:04.062       ENTITY       : Init entity @"ENTITY:105" ('SCR_ChimeraCharacter','Assets/Character/Men/REAPER_BaseBody_Upgrade.xob') at <0.000000 0.000000 0.000000> @"{84029128FA6F6BB9}Prefabs/Characters/Factions/BLUFOR/US_Army/Character_US_GL.et"
02:36:04.062        INVENTORY (E): Couldn't insert item @"ENTITY:153" ('GenericEntity','Assets/Weapons/Magazines/STANAG/Magazine_30rnd_STANAG.xob') at <0.000000 0.000000 0.000000> @"{D8F2CA92583B23D3}Prefabs/Weapons/Magazines/Magazine_556x45_STANAG_30rnd_M855_M856_Last_5Tracer.et" into storage @"ENTITY:124" ('GenericEntity','Assets/Items/Equipment/Accessories/Pouch_ALICE_30rnd_STANAG/Pouch_ALICE_30rnd_STANAG.xob') at <-0.105000 1.129568 0.050876> @"{0B0D67BC8F43A052}Prefabs/Items/Equipment/Accessories/Pouch_ALICE_30rnd_STANAG/Pouch_ALICE_30rnd_STANAG_base.et" while spawning initial items inside the storage.
02:36:04.062        NETWORK   (W): Replication: RplComponent on entity @"ENTITY:153" ('GenericEntity','Assets/Weapons/Magazines/STANAG/Magazine_30rnd_STANAG.xob') at <0.000000 0.000000 0.000000> @"{D8F2CA92583B23D3}Prefabs/Weapons/Magazines/Magazine_556x45_STANAG_30rnd_M855_M856_Last_5Tracer.et" destroyed during loading of the world. This might cause issues with startup sync!
02:36:04.063        INVENTORY (E): Couldn't insert item @"ENTITY:154" ('GenericEntity','Assets/Weapons/Magazines/STANAG/Magazine_30rnd_STANAG.xob') at <0.000000 0.000000 0.000000> @"{D8F2CA92583B23D3}Prefabs/Weapons/Magazines/Magazine_556x45_STANAG_30rnd_M855_M856_Last_5Tracer.et" into storage @"ENTITY:124" ('GenericEntity','Assets/Items/Equipment/Accessories/Pouch_ALICE_30rnd_STANAG/Pouch_ALICE_30rnd_STANAG.xob') at <-0.105000 1.129568 0.050876> @"{0B0D67BC8F43A052}Prefabs/Items/Equipment/Accessories/Pouch_ALICE_30rnd_STANAG/Pouch_ALICE_30rnd_STANAG_base.et" while spawning initial items inside the storage.
02:36:04.063        NETWORK   (W): Replication: RplComponent on entity @"ENTITY:154" ('GenericEntity','Assets/Weapons/Magazines/STANAG/Magazine_30rnd_STANAG.xob') at <0.000000 0.000000 0.000000> @"{D8F2CA92583B23D3}Prefabs/Weapons/Magazines/Magazine_556x45_STANAG_30rnd_M855_M856_Last_5Tracer.et" destroyed during loading of the world. This might cause issues with startup sync!
02:36:04.063        INVENTORY (E): Couldn't insert item @"ENTITY:155" ('GenericEntity','Assets/Weapons/Grenades/M67/Grenade_M67.xob') at <0.000000 0.000000 0.000000> @"{E8F00BF730225B00}Prefabs/Weapons/Grenades/Grenade_M67.et" into storage @"ENTITY:124" ('GenericEntity','Assets/Items/Equipment/Accessories/Pouch_ALICE_30rnd_STANAG/Pouch_ALICE_30rnd_STANAG.xob') at <-0.105000 1.129568 0.050876> @"{0B0D67BC8F43A052}Prefabs/Items/Equipment/Accessories/Pouch_ALICE_30rnd_STANAG/Pouch_ALICE_30rnd_STANAG_base.et" while spawning initial items inside the storage.
02:36:04.063        NETWORK   (W): Replication: RplComponent on entity @"ENTITY:155" ('GenericEntity','Assets/Weapons/Grenades/M67/Grenade_M67.xob') at <0.000000 0.000000 0.000000> @"{E8F00BF730225B00}Prefabs/Weapons/Grenades/Grenade_M67.et" destroyed during loading of the world. This might cause issues with startup sync!
02:36:04.063        INVENTORY (E): Couldn't insert item @"ENTITY:156" ('GenericEntity','Assets/Weapons/Grenades/M67/Grenade_M67.xob') at <0.000000 0.000000 0.000000> @"{E8F00BF730225B00}Prefabs/Weapons/Grenades/Grenade_M67.et" into storage @"ENTITY:124" ('GenericEntity','Assets/Items/Equipment/Accessories/Pouch_ALICE_30rnd_STANAG/Pouch_ALICE_30rnd_STANAG.xob') at <-0.105000 1.129568 0.050876> @"{0B0D67BC8F43A052}Prefabs/Items/Equipment/Accessories/Pouch_ALICE_30rnd_STANAG/Pouch_ALICE_30rnd_STANAG_base.et" while spawning initial items inside the storage.
02:36:04.063        NETWORK   (W): Replication: RplComponent on entity @"ENTITY:156" ('GenericEntity','Assets/Weapons/Grenades/M67/Grenade_M67.xob') at <0.000000 0.000000 0.000000> @"{E8F00BF730225B00}Prefabs/Weapons/Grenades/Grenade_M67.et" destroyed during loading of the world. This might cause issues with startup sync!
02:36:04.063        INVENTORY (E): Couldn't insert item @"ENTITY:157" ('GenericEntity','Assets/Weapons/Grenades/M67/Grenade_M67.xob') at <0.000000 0.000000 0.000000> @"{E8F00BF730225B00}Prefabs/Weapons/Grenades/Grenade_M67.et" into storage @"ENTITY:124" ('GenericEntity','Assets/Items/Equipment/Accessories/Pouch_ALICE_30rnd_STANAG/Pouch_ALICE_30rnd_STANAG.xob') at <-0.105000 1.129568 0.050876> @"{0B0D67BC8F43A052}Prefabs/Items/Equipment/Accessories/Pouch_ALICE_30rnd_STANAG/Pouch_ALICE_30rnd_STANAG_base.et" while spawning initial items inside the storage.
02:36:04.063        NETWORK   (W): Replication: RplComponent on entity @"ENTITY:157" ('GenericEntity','Assets/Weapons/Grenades/M67/Grenade_M67.xob') at <0.000000 0.000000 0.000000> @"{E8F00BF730225B00}Prefabs/Weapons/Grenades/Grenade_M67.et" destroyed during loading of the world. This might cause issues with startup sync!
02:36:04.074     ENTITY       : SpawnEntityPrefab @"{27BF1FF235DD6036}Prefabs/Characters/Factions/BLUFOR/US_Army/Character_US_LAT.et"
02:36:04.074      WORLD        : InitEntities 'PreloadWorld'
02:36:04.074       ENTITY       : Init entity @"ENTITY:178" ('SCR_ChimeraCharacter','Assets/Character/Men/REAPER_BaseBody_Upgrade.xob') at <0.000000 0.000000 0.000000> @"{27BF1FF235DD6036}Prefabs/Characters/Factions/BLUFOR/US_Army/Character_US_LAT.et"
02:36:04.074        INVENTORY (E): Couldn't insert item @"ENTITY:228" ('GenericEntity','Assets/Weapons/Magazines/STANAG/Magazine_30rnd_STANAG.xob') at <0.000000 0.000000 0.000000> @"{D8F2CA92583B23D3}Prefabs/Weapons/Magazines/Magazine_556x45_STANAG_30rnd_M855_M856_Last_5Tracer.et" into storage @"ENTITY:199" ('GenericEntity','Assets/Items/Equipment/Accessories/Pouch_ALICE_30rnd_STANAG/Pouch_ALICE_30rnd_STANAG.xob') at <-0.144399 1.162781 0.105744> @"{E3154E0EAC48D67B}Prefabs/Items/Equipment/Accessories/Pouch_ALICE_30rnd_STANAG/Pouch_ALICE_30rnd_STANAG.et" while spawning initial items inside the storage.
02:36:04.074        NETWORK   (W): Replication: RplComponent on entity @"ENTITY:228" ('GenericEntity','Assets/Weapons/Magazines/STANAG/Magazine_30rnd_STANAG.xob') at <0.000000 0.000000 0.000000> @"{D8F2CA92583B23D3}Prefabs/Weapons/Magazines/Magazine_556x45_STANAG_30rnd_M855_M856_Last_5Tracer.et" destroyed during loading of the world. This might cause issues with startup sync!
02:36:04.074        INVENTORY (E): Couldn't insert item @"ENTITY:229" ('GenericEntity','Assets/Weapons/Magazines/STANAG/Magazine_30rnd_STANAG.xob') at <0.000000 0.000000 0.000000> @"{D8F2CA92583B23D3}Prefabs/Weapons/Magazines/Magazine_556x45_STANAG_30rnd_M855_M856_Last_5Tracer.et" into storage @"ENTITY:199" ('GenericEntity','Assets/Items/Equipment/Accessories/Pouch_ALICE_30rnd_STANAG/Pouch_ALICE_30rnd_STANAG.xob') at <-0.144399 1.162781 0.105744> @"{E3154E0EAC48D67B}Prefabs/Items/Equipment/Accessories/Pouch_ALICE_30rnd_STANAG/Pouch_ALICE_30rnd_STANAG.et" while spawning initial items inside the storage.
02:36:04.074        NETWORK   (W): Replication: RplComponent on entity @"ENTITY:229" ('GenericEntity','Assets/Weapons/Magazines/STANAG/Magazine_30rnd_STANAG.xob') at <0.000000 0.000000 0.000000> @"{D8F2CA92583B23D3}Prefabs/Weapons/Magazines/Magazine_556x45_STANAG_30rnd_M855_M856_Last_5Tracer.et" destroyed during loading of the world. This might cause issues with startup sync!
02:36:04.074        INVENTORY (E): Couldn't insert item @"ENTITY:230" ('GenericEntity','Assets/Weapons/Magazines/STANAG/Magazine_30rnd_STANAG.xob') at <0.000000 0.000000 0.000000> @"{D8F2CA92583B23D3}Prefabs/Weapons/Magazines/Magazine_556x45_STANAG_30rnd_M855_M856_Last_5Tracer.et" into storage @"ENTITY:199" ('GenericEntity','Assets/Items/Equipment/Accessories/Pouch_ALICE_30rnd_STANAG/Pouch_ALICE_30rnd_STANAG.xob') at <-0.144399 1.162781 0.105744> @"{E3154E0EAC48D67B}Prefabs/Items/Equipment/Accessories/Pouch_ALICE_30rnd_STANAG/Pouch_ALICE_30rnd_STANAG.et" while spawning initial items inside the storage.
02:36:04.074        NETWORK   (W): Replication: RplComponent on entity @"ENTITY:230" ('GenericEntity','Assets/Weapons/Magazines/STANAG/Magazine_30rnd_STANAG.xob') at <0.000000 0.000000 0.000000> @"{D8F2CA92583B23D3}Prefabs/Weapons/Magazines/Magazine_556x45_STANAG_30rnd_M855_M856_Last_5Tracer.et" destroyed during loading of the world. This might cause issues with startup sync!
02:36:04.088     ENTITY       : SpawnEntityPrefab @"{C9E4FEAF5AAC8D8C}Prefabs/Characters/Factions/BLUFOR/US_Army/Character_US_Medic.et"
02:36:04.088      WORLD        : InitEntities 'PreloadWorld'
02:36:04.088       ENTITY       : Init entity @"ENTITY:234" ('SCR_ChimeraCharacter','Assets/Character/Men/REAPER_BaseBody_Upgrade.xob') at <0.000000 0.000000 0.000000> @"{C9E4FEAF5AAC8D8C}Prefabs/Characters/Factions/BLUFOR/US_Army/Character_US_Medic.et"
02:36:04.088        INVENTORY (E): Couldn't insert item @"ENTITY:307" ('GenericEntity','Assets/Weapons/Magazines/STANAG/Magazine_30rnd_STANAG.xob') at <0.000000 0.000000 0.000000> @"{D8F2CA92583B23D3}Prefabs/Weapons/Magazines/Magazine_556x45_STANAG_30rnd_M855_M856_Last_5Tracer.et" into storage @"ENTITY:255" ('GenericEntity','Assets/Items/Equipment/Accessories/Pouch_ALICE_30rnd_STANAG/Pouch_ALICE_30rnd_STANAG.xob') at <-0.144399 1.162781 0.105744> @"{E3154E0EAC48D67B}Prefabs/Items/Equipment/Accessories/Pouch_ALICE_30rnd_STANAG/Pouch_ALICE_30rnd_STANAG.et" while spawning initial items inside the storage.
02:36:04.088        NETWORK   (W): Replication: RplComponent on entity @"ENTITY:307" ('GenericEntity','Assets/Weapons/Magazines/STANAG/Magazine_30rnd_STANAG.xob') at <0.000000 0.000000 0.000000> @"{D8F2CA92583B23D3}Prefabs/Weapons/Magazines/Magazine_556x45_STANAG_30rnd_M855_M856_Last_5Tracer.et" destroyed during loading of the world. This might cause issues with startup sync!
02:36:04.089        INVENTORY (E): Couldn't insert item @"ENTITY:308" ('GenericEntity','Assets/Weapons/Magazines/STANAG/Magazine_30rnd_STANAG.xob') at <0.000000 0.000000 0.000000> @"{D8F2CA92583B23D3}Prefabs/Weapons/Magazines/Magazine_556x45_STANAG_30rnd_M855_M856_Last_5Tracer.et" into storage @"ENTITY:255" ('GenericEntity','Assets/Items/Equipment/Accessories/Pouch_ALICE_30rnd_STANAG/Pouch_ALICE_30rnd_STANAG.xob') at <-0.144399 1.162781 0.105744> @"{E3154E0EAC48D67B}Prefabs/Items/Equipment/Accessories/Pouch_ALICE_30rnd_STANAG/Pouch_ALICE_30rnd_STANAG.et" while spawning initial items inside the storage.
02:36:04.089        NETWORK   (W): Replication: RplComponent on entity @"ENTITY:308" ('GenericEntity','Assets/Weapons/Magazines/STANAG/Magazine_30rnd_STANAG.xob') at <0.000000 0.000000 0.000000> @"{D8F2CA92583B23D3}Prefabs/Weapons/Magazines/Magazine_556x45_STANAG_30rnd_M855_M856_Last_5Tracer.et" destroyed during loading of the world. This might cause issues with startup sync!
02:36:04.112     ENTITY       : SpawnEntityPrefab @"{26A9756790131354}Prefabs/Characters/Factions/BLUFOR/US_Army/Character_US_Rifleman.et"
02:36:04.112      WORLD        : InitEntities 'PreloadWorld'
02:36:04.112       ENTITY       : Init entity @"ENTITY:357" ('SCR_ChimeraCharacter','Assets/Character/Men/REAPER_BaseBody_Upgrade.xob') at <0.000000 0.000000 0.000000> @"{26A9756790131354}Prefabs/Characters/Factions/BLUFOR/US_Army/Character_US_Rifleman.et"
02:36:04.112        INVENTORY (E): Couldn't insert item @"ENTITY:405" ('GenericEntity','Assets/Weapons/Magazines/STANAG/Magazine_30rnd_STANAG.xob') at <0.000000 0.000000 0.000000> @"{D8F2CA92583B23D3}Prefabs/Weapons/Magazines/Magazine_556x45_STANAG_30rnd_M855_M856_Last_5Tracer.et" into storage @"ENTITY:376" ('GenericEntity','Assets/Items/Equipment/Accessories/Pouch_ALICE_30rnd_STANAG/Pouch_ALICE_30rnd_STANAG.xob') at <-0.144399 1.162781 0.105744> @"{E3154E0EAC48D67B}Prefabs/Items/Equipment/Accessories/Pouch_ALICE_30rnd_STANAG/Pouch_ALICE_30rnd_STANAG.et" while spawning initial items inside the storage.
02:36:04.112        NETWORK   (W): Replication: RplComponent on entity @"ENTITY:405" ('GenericEntity','Assets/Weapons/Magazines/STANAG/Magazine_30rnd_STANAG.xob') at <0.000000 0.000000 0.000000> @"{D8F2CA92583B23D3}Prefabs/Weapons/Magazines/Magazine_556x45_STANAG_30rnd_M855_M856_Last_5Tracer.et" destroyed during loading of the world. This might cause issues with startup sync!
02:36:04.112        INVENTORY (E): Couldn't insert item @"ENTITY:406" ('GenericEntity','Assets/Weapons/Magazines/STANAG/Magazine_30rnd_STANAG.xob') at <0.000000 0.000000 0.000000> @"{D8F2CA92583B23D3}Prefabs/Weapons/Magazines/Magazine_556x45_STANAG_30rnd_M855_M856_Last_5Tracer.et" into storage @"ENTITY:376" ('GenericEntity','Assets/Items/Equipment/Accessories/Pouch_ALICE_30rnd_STANAG/Pouch_ALICE_30rnd_STANAG.xob') at <-0.144399 1.162781 0.105744> @"{E3154E0EAC48D67B}Prefabs/Items/Equipment/Accessories/Pouch_ALICE_30rnd_STANAG/Pouch_ALICE_30rnd_STANAG.et" while spawning initial items inside the storage.
02:36:04.112        NETWORK   (W): Replication: RplComponent on entity @"ENTITY:406" ('GenericEntity','Assets/Weapons/Magazines/STANAG/Magazine_30rnd_STANAG.xob') at <0.000000 0.000000 0.000000> @"{D8F2CA92583B23D3}Prefabs/Weapons/Magazines/Magazine_556x45_STANAG_30rnd_M855_M856_Last_5Tracer.et" destroyed during loading of the world. This might cause issues with startup sync!
02:36:04.112        INVENTORY (E): Couldn't insert item @"ENTITY:407" ('GenericEntity','Assets/Weapons/Magazines/STANAG/Magazine_30rnd_STANAG.xob') at <0.000000 0.000000 0.000000> @"{D8F2CA92583B23D3}Prefabs/Weapons/Magazines/Magazine_556x45_STANAG_30rnd_M855_M856_Last_5Tracer.et" into storage @"ENTITY:376" ('GenericEntity','Assets/Items/Equipment/Accessories/Pouch_ALICE_30rnd_STANAG/Pouch_ALICE_30rnd_STANAG.xob') at <-0.144399 1.162781 0.105744> @"{E3154E0EAC48D67B}Prefabs/Items/Equipment/Accessories/Pouch_ALICE_30rnd_STANAG/Pouch_ALICE_30rnd_STANAG.et" while spawning initial items inside the storage.
02:36:04.112        NETWORK   (W): Replication: RplComponent on entity @"ENTITY:407" ('GenericEntity','Assets/Weapons/Magazines/STANAG/Magazine_30rnd_STANAG.xob') at <0.000000 0.000000 0.000000> @"{D8F2CA92583B23D3}Prefabs/Weapons/Magazines/Magazine_556x45_STANAG_30rnd_M855_M856_Last_5Tracer.et" destroyed during loading of the world. This might cause issues with startup sync!
02:36:04.119     ENTITY       : SpawnEntityPrefab @"{1CA3D30464EE4674}Prefabs/Characters/Factions/BLUFOR/US_Army/Character_US_Spotter.et"
02:36:04.119      WORLD        : InitEntities 'PreloadWorld'
02:36:04.119       ENTITY       : Init entity @"ENTITY:411" ('SCR_ChimeraCharacter','Assets/Character/Men/REAPER_BaseBody_Upgrade.xob') at <0.000000 0.000000 0.000000> @"{1CA3D30464EE4674}Prefabs/Characters/Factions/BLUFOR/US_Army/Character_US_Spotter.et"
02:36:04.119        INVENTORY (E): Couldn't insert item @"ENTITY:461" ('GenericEntity','Assets/Weapons/Magazines/STANAG/Magazine_30rnd_STANAG.xob') at <0.000000 0.000000 0.000000> @"{D8F2CA92583B23D3}Prefabs/Weapons/Magazines/Magazine_556x45_STANAG_30rnd_M855_M856_Last_5Tracer.et" into storage @"ENTITY:432" ('GenericEntity','Assets/Items/Equipment/Accessories/Pouch_ALICE_30rnd_STANAG/Pouch_ALICE_30rnd_STANAG.xob') at <-0.105000 1.129568 0.050876> @"{0B0D67BC8F43A052}Prefabs/Items/Equipment/Accessories/Pouch_ALICE_30rnd_STANAG/Pouch_ALICE_30rnd_STANAG_base.et" while spawning initial items inside the storage.
02:36:04.119        NETWORK   (W): Replication: RplComponent on entity @"ENTITY:461" ('GenericEntity','Assets/Weapons/Magazines/STANAG/Magazine_30rnd_STANAG.xob') at <0.000000 0.000000 0.000000> @"{D8F2CA92583B23D3}Prefabs/Weapons/Magazines/Magazine_556x45_STANAG_30rnd_M855_M856_Last_5Tracer.et" destroyed during loading of the world. This might cause issues with startup sync!
02:36:04.119        INVENTORY (E): Couldn't insert item @"ENTITY:462" ('GenericEntity','Assets/Weapons/Magazines/STANAG/Magazine_30rnd_STANAG.xob') at <0.000000 0.000000 0.000000> @"{D8F2CA92583B23D3}Prefabs/Weapons/Magazines/Magazine_556x45_STANAG_30rnd_M855_M856_Last_5Tracer.et" into storage @"ENTITY:432" ('GenericEntity','Assets/Items/Equipment/Accessories/Pouch_ALICE_30rnd_STANAG/Pouch_ALICE_30rnd_STANAG.xob') at <-0.105000 1.129568 0.050876> @"{0B0D67BC8F43A052}Prefabs/Items/Equipment/Accessories/Pouch_ALICE_30rnd_STANAG/Pouch_ALICE_30rnd_STANAG_base.et" while spawning initial items inside the storage.
02:36:04.119        NETWORK   (W): Replication: RplComponent on entity @"ENTITY:462" ('GenericEntity','Assets/Weapons/Magazines/STANAG/Magazine_30rnd_STANAG.xob') at <0.000000 0.000000 0.000000> @"{D8F2CA92583B23D3}Prefabs/Weapons/Magazines/Magazine_556x45_STANAG_30rnd_M855_M856_Last_5Tracer.et" destroyed during loading of the world. This might cause issues with startup sync!
02:36:04.120        INVENTORY (E): Couldn't insert item @"ENTITY:463" ('GenericEntity','Assets/Weapons/Grenades/M67/Grenade_M67.xob') at <0.000000 0.000000 0.000000> @"{E8F00BF730225B00}Prefabs/Weapons/Grenades/Grenade_M67.et" into storage @"ENTITY:432" ('GenericEntity','Assets/Items/Equipment/Accessories/Pouch_ALICE_30rnd_STANAG/Pouch_ALICE_30rnd_STANAG.xob') at <-0.105000 1.129568 0.050876> @"{0B0D67BC8F43A052}Prefabs/Items/Equipment/Accessories/Pouch_ALICE_30rnd_STANAG/Pouch_ALICE_30rnd_STANAG_base.et" while spawning initial items inside the storage.
02:36:04.120        NETWORK   (W): Replication: RplComponent on entity @"ENTITY:463" ('GenericEntity','Assets/Weapons/Grenades/M67/Grenade_M67.xob') at <0.000000 0.000000 0.000000> @"{E8F00BF730225B00}Prefabs/Weapons/Grenades/Grenade_M67.et" destroyed during loading of the world. This might cause issues with startup sync!
02:36:04.120        INVENTORY (E): Couldn't insert item @"ENTITY:464" ('GenericEntity','Assets/Weapons/Grenades/M67/Grenade_M67.xob') at <0.000000 0.000000 0.000000> @"{E8F00BF730225B00}Prefabs/Weapons/Grenades/Grenade_M67.et" into storage @"ENTITY:432" ('GenericEntity','Assets/Items/Equipment/Accessories/Pouch_ALICE_30rnd_STANAG/Pouch_ALICE_30rnd_STANAG.xob') at <-0.105000 1.129568 0.050876> @"{0B0D67BC8F43A052}Prefabs/Items/Equipment/Accessories/Pouch_ALICE_30rnd_STANAG/Pouch_ALICE_30rnd_STANAG_base.et" while spawning initial items inside the storage.
02:36:04.120        NETWORK   (W): Replication: RplComponent on entity @"ENTITY:464" ('GenericEntity','Assets/Weapons/Grenades/M67/Grenade_M67.xob') at <0.000000 0.000000 0.000000> @"{E8F00BF730225B00}Prefabs/Weapons/Grenades/Grenade_M67.et" destroyed during loading of the world. This might cause issues with startup sync!
02:36:04.120        INVENTORY (E): Couldn't insert item @"ENTITY:465" ('GenericEntity','Assets/Weapons/Grenades/M67/Grenade_M67.xob') at <0.000000 0.000000 0.000000> @"{E8F00BF730225B00}Prefabs/Weapons/Grenades/Grenade_M67.et" into storage @"ENTITY:432" ('GenericEntity','Assets/Items/Equipment/Accessories/Pouch_ALICE_30rnd_STANAG/Pouch_ALICE_30rnd_STANAG.xob') at <-0.105000 1.129568 0.050876> @"{0B0D67BC8F43A052}Prefabs/Items/Equipment/Accessories/Pouch_ALICE_30rnd_STANAG/Pouch_ALICE_30rnd_STANAG_base.et" while spawning initial items inside the storage.
02:36:04.120        NETWORK   (W): Replication: RplComponent on entity @"ENTITY:465" ('GenericEntity','Assets/Weapons/Grenades/M67/Grenade_M67.xob') at <0.000000 0.000000 0.000000> @"{E8F00BF730225B00}Prefabs/Weapons/Grenades/Grenade_M67.et" destroyed during loading of the world. This might cause issues with startup sync!
02:36:04.177     ENTITY       : SpawnEntityPrefab @"{23ADBBC31B6A3DC6}Prefabs/Characters/Factions/OPFOR/USSR_Army/Character_USSR_AR.et"
02:36:04.177      WORLD        : InitEntities 'PreloadWorld'
02:36:04.177       ENTITY       : Init entity @"ENTITY:533" ('SCR_ChimeraCharacter','Assets/Character/Men/REAPER_BaseBody_Upgrade.xob') at <0.000000 0.000000 0.000000> @"{23ADBBC31B6A3DC6}Prefabs/Characters/Factions/OPFOR/USSR_Army/Character_USSR_AR.et"
02:36:04.177        INVENTORY (E): Couldn't insert item @"ENTITY:573" ('GenericEntity','Assets/Weapons/Magazines/RPK74/Magazine_45rnd_RPK74.xob') at <0.000000 0.000000 0.000000> @"{D78C667F59829717}Prefabs/Weapons/Magazines/Magazine_545x39_RPK_45rnd_4Ball_1Tracer.et" into storage @"ENTITY:550" ('GenericEntity','Assets/Items/Equipment/Accessories/Pouch_Soviet_45rnd_RPK74/Pouch_Soviet_45rnd_RPK74.xob') at <-0.128100 1.112103 0.103191> @"{B6EEF03975F21E4E}Prefabs/Items/Equipment/Accessories/Pouch_Soviet_45rnd_RPK74/Pouch_Soviet_45rnd_RPK74.et" while spawning initial items inside the storage.
02:36:04.177        NETWORK   (W): Replication: RplComponent on entity @"ENTITY:573" ('GenericEntity','Assets/Weapons/Magazines/RPK74/Magazine_45rnd_RPK74.xob') at <0.000000 0.000000 0.000000> @"{D78C667F59829717}Prefabs/Weapons/Magazines/Magazine_545x39_RPK_45rnd_4Ball_1Tracer.et" destroyed during loading of the world. This might cause issues with startup sync!
02:36:04.177        INVENTORY (E): Couldn't insert item @"ENTITY:574" ('GenericEntity','Assets/Weapons/Magazines/RPK74/Magazine_45rnd_RPK74.xob') at <0.000000 0.000000 0.000000> @"{D78C667F59829717}Prefabs/Weapons/Magazines/Magazine_545x39_RPK_45rnd_4Ball_1Tracer.et" into storage @"ENTITY:550" ('GenericEntity','Assets/Items/Equipment/Accessories/Pouch_Soviet_45rnd_RPK74/Pouch_Soviet_45rnd_RPK74.xob') at <-0.128100 1.112103 0.103191> @"{B6EEF03975F21E4E}Prefabs/Items/Equipment/Accessories/Pouch_Soviet_45rnd_RPK74/Pouch_Soviet_45rnd_RPK74.et" while spawning initial items inside the storage.
02:36:04.177        NETWORK   (W): Replication: RplComponent on entity @"ENTITY:574" ('GenericEntity','Assets/Weapons/Magazines/RPK74/Magazine_45rnd_RPK74.xob') at <0.000000 0.000000 0.000000> @"{D78C667F59829717}Prefabs/Weapons/Magazines/Magazine_545x39_RPK_45rnd_4Ball_1Tracer.et" destroyed during loading of the world. This might cause issues with startup sync!
02:36:04.177        INVENTORY (E): Couldn't insert item @"ENTITY:575" ('GenericEntity','Assets/Weapons/Magazines/RPK74/Magazine_45rnd_RPK74.xob') at <0.000000 0.000000 0.000000> @"{D78C667F59829717}Prefabs/Weapons/Magazines/Magazine_545x39_RPK_45rnd_4Ball_1Tracer.et" into storage @"ENTITY:550" ('GenericEntity','Assets/Items/Equipment/Accessories/Pouch_Soviet_45rnd_RPK74/Pouch_Soviet_45rnd_RPK74.xob') at <-0.128100 1.112103 0.103191> @"{B6EEF03975F21E4E}Prefabs/Items/Equipment/Accessories/Pouch_Soviet_45rnd_RPK74/Pouch_Soviet_45rnd_RPK74.et" while spawning initial items inside the storage.
02:36:04.177        NETWORK   (W): Replication: RplComponent on entity @"ENTITY:575" ('GenericEntity','Assets/Weapons/Magazines/RPK74/Magazine_45rnd_RPK74.xob') at <0.000000 0.000000 0.000000> @"{D78C667F59829717}Prefabs/Weapons/Magazines/Magazine_545x39_RPK_45rnd_4Ball_1Tracer.et" destroyed during loading of the world. This might cause issues with startup sync!
02:36:04.177        INVENTORY (E): Couldn't insert item @"ENTITY:576" ('GenericEntity','Assets/Weapons/Magazines/RPK74/Magazine_45rnd_RPK74.xob') at <0.000000 0.000000 0.000000> @"{D78C667F59829717}Prefabs/Weapons/Magazines/Magazine_545x39_RPK_45rnd_4Ball_1Tracer.et" into storage @"ENTITY:550" ('GenericEntity','Assets/Items/Equipment/Accessories/Pouch_Soviet_45rnd_RPK74/Pouch_Soviet_45rnd_RPK74.xob') at <-0.128100 1.112103 0.103191> @"{B6EEF03975F21E4E}Prefabs/Items/Equipment/Accessories/Pouch_Soviet_45rnd_RPK74/Pouch_Soviet_45rnd_RPK74.et" while spawning initial items inside the storage.
02:36:04.177        NETWORK   (W): Replication: RplComponent on entity @"ENTITY:576" ('GenericEntity','Assets/Weapons/Magazines/RPK74/Magazine_45rnd_RPK74.xob') at <0.000000 0.000000 0.000000> @"{D78C667F59829717}Prefabs/Weapons/Magazines/Magazine_545x39_RPK_45rnd_4Ball_1Tracer.et" destroyed during loading of the world. This might cause issues with startup sync!
02:36:07.736    ENTITY       : Create entity @"ENTITY:611109" ('StaticModelEntity','Assets/Structures/Infrastructure/Towers/TransmitterTower_01/TransmitterTower_01_small.xob') at <1931.796021 81.777000 5138.725098> @"{6A004A8F0571D456}Prefabs/Structures/Infrastructure/Towers/TransmitterTower_01/TransmitterTower_01_small.et"
02:36:07.736     DEFAULT   (W): World doesn't contain RadioManagerEntity to support any BaseRadioComponent.
02:36:11.149    ENTITY       : Create entity @"ENTITY:1102567" ('StaticModelEntity') at <8831.291016 95.934265 2673.487061>
02:36:11.149     MATERIAL     : Material load @"{45ECF6B1797D3CD9}system/wbdata/PreviewWindow/TransparentMat.emat"
02:36:11.149      MATERIAL  (E): Material file not found
02:36:11.149     MATERIAL  (E): Object @"Assets/Structures/Cultural/Calvaries/CalvaryLarge_01/CalvaryLarge_01.xob" - cannot load material @"system/wbdata/PreviewWindow/TransparentMat.emat", creating default one (class MatPBRBasic)
02:36:13.073    ENTITY       : Create entity @"ENTITY:2305843009213694425" ('Ural4320_transport1', Vehicle) at <4821.931152 169.774002 6982.250977> @"{16C1F16C9B053801}Prefabs/Vehicles/Wheeled/Ural4320/Ural4320_transport.et"
02:36:13.073     DEFAULT   (W): BaseRadioComponent does not have any transceiver. (Entity: @"ENTITY:2305843009213694425" ('Ural4320_transport1', Vehicle) at <4821.931152 169.774002 6982.250977> @"{16C1F16C9B053801}Prefabs/Vehicles/Wheeled/Ural4320/Ural4320_transport.et"). Only printing this message once. There're possibly more nodes with this requirement.
02:36:14.992    ENTITY       : Create entity @"ENTITY:2305843009213694963" ('SCR_FactionManager') at <4971.789062 2.900000 3858.123047> @"REAPER_FactionManager"
02:36:14.992     RESOURCES    : GetResourceObject @"{DDDD9B51F1234DF3}Prefabs/Vehicles/Helicopters/UH1H/UH1H_armed.et"
02:36:14.992      WORLD        : Entity prefab load @"{DDDD9B51F1234DF3}Prefabs/Vehicles/Helicopters/UH1H/UH1H_armed.et"
02:36:14.992       RESOURCES    : GetResourceObject @"{70BAEEFC2D3FEE64}Prefabs/Vehicles/Helicopters/UH1H/UH1H.et"
02:36:14.992        WORLD        : Entity prefab load @"{70BAEEFC2D3FEE64}Prefabs/Vehicles/Helicopters/UH1H/UH1H.et"
02:36:14.992         RESOURCES    : GetResourceObject @"{D03C0F6044DB5208}Prefabs/Vehicles/Helicopters/UH1H/UH1H_base.et"
02:36:14.992          WORLD        : Entity prefab load @"{D03C0F6044DB5208}Prefabs/Vehicles/Helicopters/UH1H/UH1H_base.et"
02:36:14.992           WORLD     (E): Unknown keyword/data 'm_bShowEffectInWB' at offset 17107(0x42d3)
02:36:15.046     RESOURCES    : GetResourceObject @"{EC13D4E934B2ADD8}Prefabs/Items/Demining/MineFlags/MineFlag_US.et"
02:36:15.046      WORLD        : Entity prefab load @"{EC13D4E934B2ADD8}Prefabs/Items/Demining/MineFlags/MineFlag_US.et"
02:36:15.046       RESOURCES    : GetResourceObject @"{37535B53F57D1632}Prefabs/Items/Demining/MineFlags/MineFlag_base.et"
02:36:15.046        WORLD        : Entity prefab load @"{37535B53F57D1632}Prefabs/Items/Demining/MineFlags/MineFlag_base.et"
02:36:15.046         RESOURCES (E): Wrong GUID/name for resource @"{A65C460102F07AF5}Assets/Items/Medicine/PressureBandage_01/PressureBandage_01.xob" in property "Object"
02:36:15.104     RESOURCES    : GetResourceObject @"{7BD282AF716ED639}Prefabs/Vehicles/Helicopters/Mi8MT/Mi8MT_armed.et"
02:36:15.104      WORLD        : Entity prefab load @"{7BD282AF716ED639}Prefabs/Vehicles/Helicopters/Mi8MT/Mi8MT_armed.et"
02:36:15.104       RESOURCES    : GetResourceObject @"{20C37D5090E4E0E6}Prefabs/Vehicles/Helicopters/Mi8MT/Mi8MT_armed_base.et"
02:36:15.104        WORLD        : Entity prefab load @"{20C37D5090E4E0E6}Prefabs/Vehicles/Helicopters/Mi8MT/Mi8MT_armed_base.et"
02:36:15.104         RESOURCES    : GetResourceObject @"{AFF6067A5CE8A853}Prefabs/Vehicles/Helicopters/Mi8MT/Mi8MT_base.et"
02:36:15.104          WORLD        : Entity prefab load @"{AFF6067A5CE8A853}Prefabs/Vehicles/Helicopters/Mi8MT/Mi8MT_base.et"
02:36:15.104           RESOURCES    : GetResourceObject @"{AFF6067A5CE8A852}Prefabs/Vehicles/Helicopters/Mi8MT/Mi8_base.et"
02:36:15.104            WORLD        : Entity prefab load @"{AFF6067A5CE8A852}Prefabs/Vehicles/Helicopters/Mi8MT/Mi8_base.et"
02:36:15.104             RESOURCES    : GetResourceObject @"{AFF6067A5CE8A852}Prefabs/Vehicles/Helicopters/Mi8MT/Mi8_base.et"
02:36:15.104              WORLD        : Entity prefab load @"{AFF6067A5CE8A852}Prefabs/Vehicles/Helicopters/Mi8MT/Mi8_base.et"
02:36:15.104               WORLD     (E): Unknown keyword/data 'm_bShowEffectInWB' at offset 19174(0x4ae6)
02:36:15.315    ENTITY       : Create entity @"ENTITY:2305843009213696642" ('SCR_DestructibleEntity') at <2228.251953 18.163221 7541.690918>
02:36:15.315     ENTITY    (E): Destructible SCR_DestructibleEntityClass doesn't have a initial and final phase!
02:36:15.315     DEFAULT   (E): SCR_DestructionMultiPhaseComponent can't be attached to a destructible entity @"ENTITY:2305843009213696642" ('SCR_DestructibleEntity','Assets/Props/Military/Fortification/BarbedWire/BarbedTape_Coil.xob') at <2228.251953 18.163221 7541.690918> @"{CF2D97841C514559}Prefabs/Compositions/Misc/SubCompositions/Decorations/BarbedCoil_Light_USSR_01.et"
02:36:15.901    WORLD        : InitEntities 'world'
02:36:15.901     ENTITY       : Init entity @"ENTITY:3" ('SCR_MapEntity1', SCR_MapEntity) at <6400.000000 0.000000 6400.000000> @"{E1B88C66BF6CA1F9}Prefabs/World/Game/MapEntity_Everon.et"
02:36:15.901      SCRIPT    (W): SCR_MapEntity: Cannot get the size from terrain. Using default.
02:36:16.729     ENTITY       : Init entity @"ENTITY:2305843009213698918" ('SCR_BaseTaskManager') at <4974.275879 3.146000 3857.872070> @"{5A0559B1D379BA96}Prefabs/World/REAPER_SF_TaskManager_V1.2.et"
02:36:16.729      SCRIPT    (E): No data found for keyboard:KC_ESCAPE !! Check 'chimeraMapping.conf' and add data if necessary! Provided Actioname: TasksClose.
02:36:22.015 WORLD        : UpdateEntities
02:36:22.015  WORLD        : FixedFrame
02:36:22.015   ENTITY       : SpawnEntityPrefab @"{A5ABDD8AAD872F21}Prefabs/Task/SlotItems/REAPER_SlotItem_AmbientHeli_Mi8_trans_AIRBORNE.et"
02:36:22.015    ENTITY       : Create entity @"ENTITY:4611686018427388843" ('Vehicle','Assets/Vehicles/Helicopters/Mi8/Mi8MT_base.xob') at <5326.349121 113.261993 3499.181152> @"{A5ABDD8AAD872F21}Prefabs/Task/SlotItems/REAPER_SlotItem_AmbientHeli_Mi8_trans_AIRBORNE.et"
02:36:22.016     SPAWN     (W): EmissiveLightSurfaceSlot couldn't find ParametricMaterialInstanceComponent at attached entity. Please check configuration of Light Manager at @"ENTITY:4611686018427388843" ('Vehicle','Assets/Vehicles/Helicopters/Mi8/Mi8MT_base.xob') at <5326.349121 113.261993 3499.181152> @"{A5ABDD8AAD872F21}Prefabs/Task/SlotItems/REAPER_SlotItem_AmbientHeli_Mi8_trans_AIRBORNE.et"
02:36:22.016     SPAWN     (W): EmissiveLightSurfaceSlot couldn't find ParametricMaterialInstanceComponent at attached entity. Please check configuration of Light Manager at @"ENTITY:4611686018427388843" ('Vehicle','Assets/Vehicles/Helicopters/Mi8/Mi8MT_base.xob') at <5326.349121 113.261993 3499.181152> @"{A5ABDD8AAD872F21}Prefabs/Task/SlotItems/REAPER_SlotItem_AmbientHeli_Mi8_trans_AIRBORNE.et"
02:36:22.016     SPAWN     (W): EmissiveLightSurfaceSlot couldn't find ParametricMaterialInstanceComponent at attached entity. Please check configuration of Light Manager at @"ENTITY:4611686018427388843" ('Vehicle','Assets/Vehicles/Helicopters/Mi8/Mi8MT_base.xob') at <5326.349121 113.261993 3499.181152> @"{A5ABDD8AAD872F21}Prefabs/Task/SlotItems/REAPER_SlotItem_AmbientHeli_Mi8_trans_AIRBORNE.et"
02:36:22.016     DEFAULT   (E): PilotCompartmentSlot used without VehicleControllerComponent or its derivate
02:36:22.016     DEFAULT   (E): PilotCompartmentSlot used without VehicleControllerComponent or its derivate
02:36:22.035     SCRIPT    (W): 'SCR_RefuelAtSupportStationAction': '' is missing SCR_FuelManager!
02:36:22.035     SCRIPT    (W): 'SCR_RefuelAtSupportStationAction': '' is missing SCR_FuelManager!
02:36:22.035     NETWORK   (W): NwkHeliMovementComponent needs HelicopterControllerComponent to function properly!
02:36:22.035    WORLD        : InitEntities 'world'
02:36:22.035     ENTITY       : Init entity @"ENTITY:4611686018427388843" ('Vehicle','Assets/Vehicles/Helicopters/Mi8/Mi8MT_base.xob') at <5326.349121 113.261993 3499.181152> @"{A5ABDD8AAD872F21}Prefabs/Task/SlotItems/REAPER_SlotItem_AmbientHeli_Mi8_trans_AIRBORNE.et"
02:36:22.035      DEFAULT   (E): No controller manager associated with the same hierarchy level with compartment PilotCompartmentSlot on entity @"ENTITY:4611686018427388843" ('Vehicle','Assets/Vehicles/Helicopters/Mi8/Mi8MT_base.xob') at <5326.349121 113.261993 3499.181152> @"{A5ABDD8AAD872F21}Prefabs/Task/SlotItems/REAPER_SlotItem_AmbientHeli_Mi8_trans_AIRBORNE.et"
02:36:22.035      DEFAULT   (E): No controller manager associated with the same hierarchy level with compartment PilotCompartmentSlot on entity @"ENTITY:4611686018427388843" ('Vehicle','Assets/Vehicles/Helicopters/Mi8/Mi8MT_base.xob') at <5326.349121 113.261993 3499.181152> @"{A5ABDD8AAD872F21}Prefabs/Task/SlotItems/REAPER_SlotItem_AmbientHeli_Mi8_trans_AIRBORNE.et"
02:36:22.035      DEFAULT   (E): No controller manager associated with the same hierarchy level with compartment CargoCompartmentSlot on entity @"ENTITY:4611686018427388843" ('Vehicle','Assets/Vehicles/Helicopters/Mi8/Mi8MT_base.xob') at <5326.349121 113.261993 3499.181152> @"{A5ABDD8AAD872F21}Prefabs/Task/SlotItems/REAPER_SlotItem_AmbientHeli_Mi8_trans_AIRBORNE.et"
02:36:22.072   SCRIPT    (E): 'SCR_ResupplySupportStationComponent' needs a entity catalog manager!
02:36:22.144   SCRIPT    (E): ScenarioFramework: Object SCR_AIWaypoint<0x0000793B6666F438> @"ENTITY:4611686018427388798" ('SCR_AIWaypoint') at <9797.953125 5.886001 5330.066895> @"{22A875E30470BD4F}Prefabs/AI/Waypoints/AIWaypoint_Patrol.et" already exists and won't be spawned for SlotWP_D4_Patrol1_W1, exiting...
02:36:22.144   SCRIPT    (E): ScenarioFramework: Object <0x0000000009209340> SCR_AIGroup already exists and won't be spawned for SlotAI_D4_Hill_GRP1, exiting...
02:36:22.144   SCRIPT    (E): ScenarioFramework: Object <0x000000000A41CD90> SCR_AIGroup already exists and won't be spawned for SlotAI_D4_PatrolGRP1, exiting...
02:36:22.144   SCRIPT    (E): ScenarioFramework: Object SCR_AIWaypoint<0x0000793B6666F5A0> @"ENTITY:4611686018427388801" ('SCR_AIWaypoint') at <1082.123901 2.812000 6125.693848> @"{22A875E30470BD4F}Prefabs/AI/Waypoints/AIWaypoint_Patrol.et" already exists and won't be spawned for SlotWP_DL2_Patrol_W1, exiting...
02:36:22.144   SCRIPT    (E): ScenarioFramework: Object SCR_ChimeraCharacter<0x0000793B41E11070> @"ENTITY:4611686018427388802" ('SCR_ChimeraCharacter','Assets/Character/Men/REAPER_BaseBody_Upgrade.xob') at <1265.670898 37.111000 5929.747070> @"{391034A45E642AB8}Prefabs/AI/SpyCharacters/AI_SpyCharacter_03.et" already exists and won't be spawned for DL2_Spy1, exiting...
02:36:22.144   SCRIPT    (E): ScenarioFramework: Object SCR_AIWaypoint<0x0000793B6666F870> @"ENTITY:4611686018427388814" ('SCR_AIWaypoint') at <2950.869141 72.199997 6675.652832> @"{22A875E30470BD4F}Prefabs/AI/Waypoints/AIWaypoint_Patrol.et" already exists and won't be spawned for SlotWP_DL4_GRP1_Patrol1, exiting...
02:36:22.144   SCRIPT    (E): ScenarioFramework: Object <0x000000000A3D9520> SCR_AIGroup already exists and won't be spawned for SlotAI_DL4_GRP1, exiting...
02:36:22.144   SCRIPT    (E): ScenarioFramework: Object <0x000000000981DAB0> SCR_AIGroup already exists and won't be spawned for SlotAI_GasStation_VehicleGRP, exiting...
02:36:22.144   SCRIPT    (E): ScenarioFramework: Object SCR_CharacterTriggerEntity<0x0000793C65318830> @"ENTITY:4611686018427388817" ('SCR_CharacterTriggerEntity') at <3859.234131 22.005001 7647.748047> @"{47D49EA6A216CFD5}Prefabs/ScenarioFramework/Triggers/TriggerCharacterSlow.et" already exists and won't be spawned for SlotTrigger_Gravette, exiting...
02:36:22.144   SCRIPT    (E): ScenarioFramework: Object <0x0000000009874CA0> SCR_AIGroup already exists and won't be spawned for SlotAI_inf1_forestGRP, exiting...
02:36:22.144   SCRIPT    (E): ScenarioFramework: Object SCR_CharacterTriggerEntity<0x0000793C64261120> @"ENTITY:4611686018427388819" ('SCR_CharacterTriggerEntity') at <3245.585938 112.762001 4725.813965> @"{47D49EA6A216CFD5}Prefabs/ScenarioFramework/Triggers/TriggerCharacterSlow.et" already exists and won't be spawned for inf1_forest_PlayerTrigger, exiting...
02:36:22.144   SCRIPT    (E): ScenarioFramework: Object SCR_AIWaypoint<0x0000793B6666F9D8> @"ENTITY:4611686018427388820" ('SCR_AIWaypoint') at <2873.867920 91.662994 4891.396973> @"{22A875E30470BD4F}Prefabs/AI/Waypoints/AIWaypoint_Patrol.et" already exists and won't be spawned for SlotWP_Patrol1_informant3_W1, exiting...
02:36:22.144   SCRIPT    (E): ScenarioFramework: Object SCR_AIWaypoint<0x0000793B6666FB40> @"ENTITY:4611686018427388821" ('SCR_AIWaypoint') at <3053.002930 96.642998 4930.443848> @"{22A875E30470BD4F}Prefabs/AI/Waypoints/AIWaypoint_Patrol.et" already exists and won't be spawned for SlotWP_Patrol2_informant3_W1, exiting...
02:36:22.144   SCRIPT    (E): ScenarioFramework: Object SCR_CharacterTriggerEntity<0x0000793C64260CC0> @"ENTITY:4611686018427388822" ('SCR_CharacterTriggerEntity') at <7457.829102 137.593002 4729.647949> @"{47D49EA6A216CFD5}Prefabs/ScenarioFramework/Triggers/TriggerCharacterSlow.et" already exists and won't be spawned for SlotTrigger_AI_Levie_Spawn_AI, exiting...
02:36:22.144   SCRIPT    (E): ScenarioFramework: Object SCR_CharacterTriggerEntity<0x0000793C6002A880> @"ENTITY:4611686018427388823" ('SCR_CharacterTriggerEntity') at <4812.486328 170.182007 6979.037109> @"{47D49EA6A216CFD5}Prefabs/ScenarioFramework/Triggers/TriggerCharacterSlow.et" already exists and won't be spawned for SlotTrigger_Montignac, exiting...
02:36:22.144   SCRIPT    (E): ScenarioFramework: Object <0x0000000008993F30> SCR_AIGroup already exists and won't be spawned for SlotAI_Montignac_GRP1, exiting...
02:36:22.144   SCRIPT    (E): ScenarioFramework: Object SCR_AIWaypoint<0x0000793B6666FCA8> @"ENTITY:4611686018427388825" ('SCR_AIWaypoint') at <2876.953125 92.063004 4890.922852> @"{750A8D1695BD6998}Prefabs/AI/Waypoints/AIWaypoint_Move.et" already exists and won't be spawned for wp_PatrolVehicle1_01, exiting...
02:36:22.144   SCRIPT    (E): ScenarioFramework: Object <0x00000000089A81B0> SCR_AIGroup already exists and won't be spawned for SlotAI_VehicleCrew_PV1, exiting...
02:36:22.144   SCRIPT    (E): ScenarioFramework: Object SCR_ChimeraCharacter<0x0000793B41E113B0> @"ENTITY:4611686018427388827" ('SCR_ChimeraCharacter','Assets/Character/Men/REAPER_BaseBody_Upgrade.xob') at <3578.756104 115.515999 5396.254883> @"{6F5A71376479B353}Prefabs/Characters/Factions/CIV/ConstructionWorker/Character_CIV_ConstructionWorker_1.et" already exists and won't be spawned for SlotAI_PinewoodForest_CIV1, exiting...
02:36:22.144   SCRIPT    (E): ScenarioFramework: Object SCR_CharacterTriggerEntity<0x00000000089D7300> @"ENTITY:4611686018427388842" ('SCR_CharacterTriggerEntity') at <3571.819092 115.212997 5387.312012> @"{47D49EA6A216CFD5}Prefabs/ScenarioFramework/Triggers/TriggerCharacterSlow.et" already exists and won't be spawned for PinewoodForest_PlayerTrigger, exiting...
02:36:22.144   SCRIPT    (E): ScenarioFramework: Object Vehicle<0x0000793B427E54C0> @"ENTITY:4611686018427388843" ('Vehicle','Assets/Vehicles/Helicopters/Mi8/Mi8MT_base.xob') at <5326.349121 113.261993 3499.181152> @"{A5ABDD8AAD872F21}Prefabs/Task/SlotItems/REAPER_SlotItem_AmbientHeli_Mi8_trans_AIRBORNE.et" already exists and won't be spawned for SlotHeli_Ambient, exiting...
02:36:22.144   SCRIPT    (E): ScenarioFramework: Object GenericEntity<0x0000000020EBEEF0> @"ENTITY:4611686018427388909" ('GenericEntity','Assets/Props/REAPER_gun_case_medium_open.xob') at <3453.154053 167.541992 5916.647949> @"{517ED41EA269D809}Prefabs/Props/Ammoboxes/REAPER_ammobox_1.et" already exists and won't be spawned for Slot_AmmoBox_hill, exiting...
02:36:22.144   SCRIPT    (E): ScenarioFramework: Object GenericEntity<0x0000000020EBFAA0> @"ENTITY:4611686018427388920" ('GenericEntity','Assets/Props/REAPER_gun_case_medium_open.xob') at <7975.522949 173.502991 4485.464844> @"{517ED41EA269D809}Prefabs/Props/Ammoboxes/REAPER_ammobox_1.et" already exists and won't be spawned for Slot_AmmoBox_levie, exiting...
02:36:22.144   SCRIPT    (E): ScenarioFramework: Object GenericEntity<0x0000000021150690> @"ENTITY:4611686018427388931" ('GenericEntity','Assets/Props/REAPER_gun_case_medium_open.xob') at <4846.289062 116.378998 8055.709961> @"{517ED41EA269D809}Prefabs/Props/Ammoboxes/REAPER_ammobox_1.et" already exists and won't be spawned for Slot_AmmoBox_gorey, exiting...
02:36:22.144   SCRIPT    (E): ScenarioFramework: Object GenericEntity<0x0000000021151240> @"ENTITY:4611686018427388942" ('GenericEntity') at <4474.057129 58.804996 6210.633789> @"{7C8453E612E28222}Prefabs/Task/REAPER_CustomMapMarker.et" already exists and won't be spawned for Campside_TriggerMarker, exiting...
02:36:22.144   SCRIPT    (E): ScenarioFramework: Object Vehicle<0x0000793B427E5638> @"ENTITY:4611686018427388943" ('Vehicle','Assets/Vehicles/Wheeled/Ural4320/Ural_4320_base.xob') at <5332.854004 80.530998 6339.981934> @"{16C1F16C9B053801}Prefabs/Vehicles/Wheeled/Ural4320/Ural4320_transport.et" already exists and won't be spawned for SlotVeh_Campside_AttackVeh, exiting...
02:36:22.144   SCRIPT    (E): ScenarioFramework: Object <0x00000000210FFC70> SCR_AIGroup already exists and won't be spawned for SlotAI_CampsideGRP, exiting...
02:36:22.144   SCRIPT    (E): ScenarioFramework: Object Vehicle<0x0000793B427E57B0> @"ENTITY:4611686018427389012" ('Vehicle','Assets/Vehicles/Wheeled/S105/S105_base.xob') at <4461.847168 57.920998 6197.267090> @"{8000A0F649FB4B0D}Prefabs/Vehicles/Wheeled/S105/S105_darkred.et" already exists and won't be spawned for Campside_CIV_vehicle1, exiting...
02:36:22.144   SCRIPT    (E): ScenarioFramework: Object SCR_CharacterTriggerEntity<0x0000000021272520> @"ENTITY:4611686018427389070" ('SCR_CharacterTriggerEntity') at <5729.713867 218.979996 7072.222168> @"{47D49EA6A216CFD5}Prefabs/ScenarioFramework/Triggers/TriggerCharacterSlow.et" already exists and won't be spawned for CarCrash_PlayerTrigger, exiting...
02:36:22.151   SCRIPT    (E): 'SCR_ResupplySupportStationComponent' needs a entity catalog manager!
02:36:22.151   SCRIPT    (E): ScenarioFramework: Object GenericEntity<0x00000000211DF330> @"ENTITY:4611686018427389136" ('GenericEntity') at <2226.717041 8.266000 6546.191895> @"{7C8453E612E28222}Prefabs/Task/REAPER_CustomMapMarker.et" already exists and won't be spawned for CS_Redon_Marker1, exiting...
02:36:22.151   SCRIPT    (E): ScenarioFramework: Object SCR_ChimeraCharacter<0x0000793B41E11D70> @"ENTITY:4611686018427389137" ('SCR_ChimeraCharacter','Assets/Character/Men/REAPER_BaseBody_Upgrade.xob') at <2258.531006 8.513000 6526.199707> @"{6F5A71376479B353}Prefabs/Characters/Factions/CIV/ConstructionWorker/Character_CIV_ConstructionWorker_1.et" already exists and won't be spawned for SlotAI_CS_CIV1, exiting...
02:36:22.151   SCRIPT    (E): ScenarioFramework: Object SCR_CharacterTriggerEntity<0x000000002132ABF0> @"ENTITY:4611686018427389152" ('SCR_CharacterTriggerEntity') at <3452.481934 34.085999 7031.330078> @"{47D49EA6A216CFD5}Prefabs/ScenarioFramework/Triggers/TriggerCharacterSlow.et" already exists and won't be spawned for TillersFind_PlayerTrigger, exiting...
02:36:22.151   SCRIPT    (E): ScenarioFramework: Object SCR_CharacterTriggerEntity<0x0000000021523870> @"ENTITY:4611686018427389153" ('SCR_CharacterTriggerEntity') at <5336.585938 80.539001 6311.929199> @"{47D49EA6A216CFD5}Prefabs/ScenarioFramework/Triggers/TriggerCharacterSlow.et" already exists and won't be spawned for SlotTrigger_PineLake, exiting...
02:36:22.151   SCRIPT    (E): ScenarioFramework: Object SCR_CharacterTriggerEntity<0x0000000021524090> @"ENTITY:4611686018427389154" ('SCR_CharacterTriggerEntity') at <2658.799072 92.765999 5358.999023> @"{47D49EA6A216CFD5}Prefabs/ScenarioFramework/Triggers/TriggerCharacterSlow.et" already exists and won't be spawned for LeMoule_PlayerTrigger, exiting...
02:36:22.151   SCRIPT    (E): ScenarioFramework: Object SCR_CharacterTriggerEntity<0x0000000021524890> @"ENTITY:4611686018427389155" ('SCR_CharacterTriggerEntity') at <4140.639160 100.851997 5358.765137> @"{47D49EA6A216CFD5}Prefabs/ScenarioFramework/Triggers/TriggerCharacterSlow.et" already exists and won't be spawned for SlotTrigger_Treeside, exiting...
02:36:22.151   SCRIPT    (E): ScenarioFramework: Object SCR_AIWaypoint<0x00000000211B5980> @"ENTITY:4611686018427389156" ('SCR_AIWaypoint') at <3912.679932 118.534996 4879.338867> @"{22A875E30470BD4F}Prefabs/AI/Waypoints/AIWaypoint_Patrol.et" already exists and won't be spawned for SlotWP_NBuilding1, exiting...
02:36:22.152   SCRIPT    (E): ScenarioFramework: Object SCR_ChimeraCharacter<0x0000793B41E120B0> @"ENTITY:4611686018427389157" ('SCR_ChimeraCharacter','Assets/Character/Men/REAPER_BaseBody_Upgrade.xob') at <3894.434082 118.675995 4880.727051> @"{391034A45E642AB8}Prefabs/AI/SpyCharacters/AI_SpyCharacter_03.et" already exists and won't be spawned for SlotAI_Roadblock1_NBulding_SPY1, exiting...
02:36:22.152   SCRIPT    (E): ScenarioFramework: Object SCR_AIWaypoint<0x00000000211B5C50> @"ENTITY:4611686018427389169" ('SCR_AIWaypoint') at <3774.053955 115.531998 4964.241211> @"{22A875E30470BD4F}Prefabs/AI/Waypoints/AIWaypoint_Patrol.et" already exists and won't be spawned for WP1_Patrol_RoadBlock1, exiting...
02:36:22.152   SCRIPT    (E): ScenarioFramework: Object SCR_CharacterTriggerEntity<0x000000002159FA00> @"ENTITY:4611686018427389170" ('SCR_CharacterTriggerEntity') at <6513.574219 17.076000 4552.054199> @"{47D49EA6A216CFD5}Prefabs/ScenarioFramework/Triggers/TriggerCharacterSlow.et" already exists and won't be spawned for RoadStones_PlayerTrigger, exiting...
02:36:22.152   SCRIPT    (E): ScenarioFramework: Object Vehicle<0x0000793B427E64E8> @"ENTITY:4611686018427389171" ('Vehicle','Assets/Vehicles/Wheeled/UAZ469/UAZ469_base.xob') at <7395.937500 136.011002 4732.560059> @"{5070B3749C7782D8}Prefabs/Vehicles/Wheeled/UAZ469/UAZ469_covered_CIV_JZD.et" already exists and won't be spawned for SlotVeh_placedVehicle_12, exiting...
02:36:22.152   SCRIPT    (E): ScenarioFramework: Object Vehicle<0x0000793B427E6660> @"ENTITY:4611686018427389237" ('Vehicle','Assets/Vehicles/Wheeled/UAZ469/UAZ469_base.xob') at <4961.209961 2.248000 3854.800049> @"{599DFCA424399DBF}Prefabs/Vehicles/Wheeled/UAZ469/UAZ469_uncovered_CIV_red.et" already exists and won't be spawned for WarehouseCar1, exiting...
02:36:24.170 WORLD        : UpdateEntities
02:36:24.170  WORLD        : FixedFrame
02:36:24.170   SCRIPT    (E): ScenarioFramework: Object SCR_AIWaypoint<0x00000000211B56B0> @"ENTITY:4611686018427389349" ('SCR_AIWaypoint') at <9728.363281 10.354000 5216.804688> @"{22A875E30470BD4F}Prefabs/AI/Waypoints/AIWaypoint_Patrol.et" already exists and won't be spawned for SlotWP_D4_Patrol1_W2, exiting...
02:36:24.170   SCRIPT    (E): ScenarioFramework: Object Vehicle<0x0000793B427E5928> @"ENTITY:4611686018427389350" ('Vehicle','Assets/Vehicles/Wheeled/Ural4320/Ural_4320_base.xob') at <8357.621094 237.850998 4749.354980> @"{16C1F16C9B053801}Prefabs/Vehicles/Wheeled/Ural4320/Ural4320_transport.et" already exists and won't be spawned for SlotVeh_D4_Hill, exiting...
02:36:24.170   SCRIPT    (E): ScenarioFramework: Object SCR_DefendWaypoint<0x00000000211C2FA8> @"ENTITY:4611686018427389418" ('SCR_DefendWaypoint') at <1085.173950 3.185000 6036.585938> @"{4ECD14650D82F5CA}Prefabs/AI/Waypoints/AIWaypoint_Loiter_CO.et" already exists and won't be spawned for SlotWP_DL2_TruckPlace, exiting...
02:36:24.170   SCRIPT    (E): ScenarioFramework: Object SCR_AIWaypoint<0x0000000021504CD8> @"ENTITY:4611686018427389419" ('SCR_AIWaypoint') at <1117.549927 2.719000 6095.165039> @"{22A875E30470BD4F}Prefabs/AI/Waypoints/AIWaypoint_Patrol.et" already exists and won't be spawned for SlotWP_DL2_Patrol_W2, exiting...
02:36:24.170   SCRIPT    (E): ScenarioFramework: Object AIWaypointCycle<0x0000793B41E12730> @"ENTITY:4611686018427389420" ('AIWaypointCycle') at <1036.189941 3.087000 6033.552734> @"{35BD6541CBB8AC08}Prefabs/AI/Waypoints/AIWaypoint_Cycle.et" already exists and won't be spawned for SlotWP_DL2_PatrolCycle, exiting...
02:36:24.170   SCRIPT    (E): ScenarioFramework: Object SCR_AIWaypoint<0x0000000021504E40> @"ENTITY:4611686018427389421" ('SCR_AIWaypoint') at <2969.520996 77.763000 6597.535156> @"{22A875E30470BD4F}Prefabs/AI/Waypoints/AIWaypoint_Patrol.et" already exists and won't be spawned for SlotWP_DL4_GRP1_Patrol2, exiting...
02:36:24.171   SCRIPT    (E): ScenarioFramework: Object Vehicle<0x0000793B427E67D8> @"ENTITY:4611686018427389422" ('Vehicle','Assets/Vehicles/Wheeled/Ural4320/Ural_4320_base.xob') at <2926.166016 75.901001 6643.996094> @"{16C1F16C9B053801}Prefabs/Vehicles/Wheeled/Ural4320/Ural4320_transport.et" already exists and won't be spawned for SlotVeh_DL4_URAL1, exiting...
02:36:24.171   SCRIPT    (E): ScenarioFramework: Object SCR_ChimeraCharacter<0x0000793B41E12A70> @"ENTITY:4611686018427389490" ('SCR_ChimeraCharacter','Assets/Character/Men/REAPER_BaseBody_Upgrade.xob') at <1647.405029 71.633003 5744.153809> @"{D463076156752A55}Prefabs/AI/EnemyCharacters/AI_soldier_AK74_3.et" already exists and won't be spawned for SlotAI_GasStation_Single1, exiting...
02:36:24.171   SCRIPT    (E): ScenarioFramework: Object StaticModelEntity<0x00000000211F2330> @"ENTITY:4611686018427389520" ('StaticModelEntity','Assets/Structures/Infrastructure/Barriers/BarGate_01/BarGate_01.xob') at <3243.328857 113.055000 4719.541016> @"{07F043DD6AACCD0B}Prefabs/Structures/Infrastructure/Barriers/BarGate_01/BarGate_01.et" already exists and won't be spawned for Slot_BarGate_inf1_forest, exiting...
02:36:24.171   SCRIPT    (E): ScenarioFramework: Object SCR_AIWaypoint<0x0000000021506E98> @"ENTITY:4611686018427389522" ('SCR_AIWaypoint') at <2651.614014 74.937996 4851.270020> @"{22A875E30470BD4F}Prefabs/AI/Waypoints/AIWaypoint_Patrol.et" already exists and won't be spawned for SlotWP_Patrol1_informant3_W2, exiting...
02:36:24.171   SCRIPT    (E): ScenarioFramework: Object SCR_AIWaypoint<0x0000000021507000> @"ENTITY:4611686018427389523" ('SCR_AIWaypoint') at <3053.936035 98.776993 4772.544922> @"{22A875E30470BD4F}Prefabs/AI/Waypoints/AIWaypoint_Patrol.et" already exists and won't be spawned for SlotWP_Patrol2_informant3_W2, exiting...
02:36:24.171   SCRIPT    (E): ScenarioFramework: Object <0x000000002284C7B0> SCR_AIGroup already exists and won't be spawned for SlotAI_Patrol2_Informant3, exiting...
02:36:24.171   SCRIPT    (E): ScenarioFramework: Object <0x00000000228607C0> SCR_AIGroup already exists and won't be spawned for SlotAI_Montignac_GRP2, exiting...
02:36:24.171   SCRIPT    (E): ScenarioFramework: Object SCR_AIWaypoint<0x0000000021507168> @"ENTITY:4611686018427389526" ('SCR_AIWaypoint') at <3904.750977 104.781998 6253.502930> @"{750A8D1695BD6998}Prefabs/AI/Waypoints/AIWaypoint_Move.et" already exists and won't be spawned for wp_PatrolVehicle1_02, exiting...
02:36:24.171   SCRIPT    (E): ScenarioFramework: Object <0x00000000228754F0> SCR_AIGroup already exists and won't be spawned for SlotAI_VehicleCrew_PV2, exiting...
02:36:24.171   SCRIPT    (E): ScenarioFramework: Object SCR_ChimeraCharacter<0x0000793B41E12DB0> @"ENTITY:4611686018427389528" ('SCR_ChimeraCharacter','Assets/Character/Men/REAPER_BaseBody_Upgrade.xob') at <3575.104004 115.484001 5396.479004> @"{C97B985FCFC3E4D6}Prefabs/Characters/Factions/CIV/ConstructionWorker/Character_CIV_ConstructionWorker_2.et" already exists and won't be spawned for SlotAI_PinewoodForest_CIV2, exiting...
02:36:24.171   SCRIPT    (E): ScenarioFramework: Object GenericEntity<0x00000000214EF550> @"ENTITY:4611686018427389543" ('GenericEntity') at <3456.699951 168.171997 5915.602051> @"{7C8453E612E28222}Prefabs/Task/REAPER_CustomMapMarker.et" already exists and won't be spawned for AmmoBoxMarker_hill, exiting...
02:36:24.171   SCRIPT    (E): ScenarioFramework: Object GenericEntity<0x00000000214EF660> @"ENTITY:4611686018427389544" ('GenericEntity') at <7975.797852 173.959991 4488.854980> @"{7C8453E612E28222}Prefabs/Task/REAPER_CustomMapMarker.et" already exists and won't be spawned for AmmoBoxMarker_levie, exiting...
02:36:24.171   SCRIPT    (E): ScenarioFramework: Object GenericEntity<0x00000000214EF770> @"ENTITY:4611686018427389545" ('GenericEntity') at <4846.277832 117.826996 8056.734863> @"{7C8453E612E28222}Prefabs/Task/REAPER_CustomMapMarker.et" already exists and won't be spawned for AmmoBoxMarker_Gorey, exiting...
02:36:24.171   SCRIPT    (E): ScenarioFramework: Object SCR_CharacterTriggerEntity<0x000000002132AF60> @"ENTITY:4611686018427389546" ('SCR_CharacterTriggerEntity') at <4470.206055 58.655998 6214.568848> @"{47D49EA6A216CFD5}Prefabs/ScenarioFramework/Triggers/TriggerCharacterSlow.et" already exists and won't be spawned for Campside_PlayerTrigger, exiting...
02:36:24.171   SCRIPT    (E): ScenarioFramework: Object <0x0000000022A0B120> SCR_AIGroup already exists and won't be spawned for SlotAI_Campside_VehAttack_GRP, exiting...
02:36:24.171   SCRIPT    (E): ScenarioFramework: Object SCR_ChimeraCharacter<0x0000793B41E130F0> @"ENTITY:4611686018427389548" ('SCR_ChimeraCharacter','Assets/Character/Men/REAPER_BaseBody_Upgrade.xob') at <4474.382812 61.889000 6176.772949> @"{E9C7B2FB3FC969F3}Prefabs/AI/EnemyCharacters/AI_soldier_AKS74_full.et" already exists and won't be spawned for SlotAI_CampsideSingle1, exiting...
02:36:24.171   SCRIPT    (E): ScenarioFramework: Object Vehicle<0x0000793B427E7DE0> @"ENTITY:4611686018427389582" ('Vehicle','Assets/Vehicles/Wheeled/UAZ469/UAZ469_base.xob') at <4457.623047 58.424999 6201.136719> @"{BDFB2377B6B4ABBB}Prefabs/Vehicles/Wheeled/UAZ469/UAZ469_covered_CIV_PTS.et" already exists and won't be spawned for Campside_CIV_vehicle2, exiting...
02:36:24.171   SCRIPT    (E): ScenarioFramework: Object SCR_CharacterTriggerEntity<0x00000000237B7E30> @"ENTITY:4611686018427389648" ('SCR_CharacterTriggerEntity') at <2226.717041 8.266000 6546.191895> @"{47D49EA6A216CFD5}Prefabs/ScenarioFramework/Triggers/TriggerCharacterSlow.et" already exists and won't be spawned for CS_Redon_PlayerTrigger, exiting...
02:36:24.171   SCRIPT    (E): ScenarioFramework: Object SCR_ChimeraCharacter<0x0000793B41E135D0> @"ENTITY:4611686018427389649" ('SCR_ChimeraCharacter','Assets/Character/Men/REAPER_BaseBody_Upgrade.xob') at <2247.864014 8.158999 6518.558105> @"{C97B985FCFC3E4D6}Prefabs/Characters/Factions/CIV/ConstructionWorker/Character_CIV_ConstructionWorker_2.et" already exists and won't be spawned for SlotAI_CS_CIV2, exiting...
02:36:24.171   SCRIPT    (E): ScenarioFramework: Object SCR_AIWaypoint<0x00000000229BC5D0> @"ENTITY:4611686018427389664" ('SCR_AIWaypoint') at <3897.369141 118.917000 4873.875977> @"{22A875E30470BD4F}Prefabs/AI/Waypoints/AIWaypoint_Patrol.et" already exists and won't be spawned for SlotWP_NBuilding2, exiting...
02:36:24.171   SCRIPT    (E): ScenarioFramework: Object SCR_AIWaypoint<0x00000000229BC738> @"ENTITY:4611686018427389665" ('SCR_AIWaypoint') at <3781.054932 118.141998 4869.841309> @"{22A875E30470BD4F}Prefabs/AI/Waypoints/AIWaypoint_Patrol.et" already exists and won't be spawned for WP2_Patrol_RoadBlock1, exiting...
02:36:24.171   SCRIPT    (E): ScenarioFramework: Object Vehicle<0x0000000023B00610> @"ENTITY:4611686018427389666" ('Vehicle','Assets/Vehicles/Wheeled/UAZ469/UAZ469_base.xob') at <7604.148438 79.937996 5516.729980> @"{5070B3749C7782D8}Prefabs/Vehicles/Wheeled/UAZ469/UAZ469_covered_CIV_JZD.et" already exists and won't be spawned for SlotVeh_placedVehicle_01, exiting...
02:36:24.171   SCRIPT    (E): ScenarioFramework: Object Vehicle<0x0000000023B00788> @"ENTITY:4611686018427389732" ('Vehicle','Assets/Vehicles/Wheeled/UAZ469/UAZ469_base.xob') at <4977.327148 2.244000 3843.790039> @"{A4D16A62B432451A}Prefabs/Vehicles/Wheeled/UAZ469/UAZ469_covered_CIV_red.et" already exists and won't be spawned for WarehouseCar2, exiting...
02:36:24.522 WORLD        : UpdateEntities
02:36:24.522  WORLD        : FixedFrame
02:36:24.522   SCRIPT    (E): ScenarioFramework: Object SCR_AIWaypoint<0x00000000229BE4C0> @"ENTITY:4611686018427390090" ('SCR_AIWaypoint') at <9579.922852 10.875000 5214.685059> @"{22A875E30470BD4F}Prefabs/AI/Waypoints/AIWaypoint_Patrol.et" already exists and won't be spawned for SlotWP_D4_Patrol1_W3, exiting...
02:36:24.522   SCRIPT    (E): ScenarioFramework: Object SCR_TimedWaypoint<0x0000000023B68BB0> @"ENTITY:4611686018427390091" ('SCR_TimedWaypoint') at <8360.621094 238.102997 4763.158691> @"{A88F0B6CF25BD1DE}Prefabs/AI/Waypoints/AIWaypoint_Scout.et" already exists and won't be spawned for SlotWP_D4_Hill_Scout, exiting...
02:36:24.522   SCRIPT    (E): ScenarioFramework: Object <0x0000000025568210> SCR_AIGroup already exists and won't be spawned for SlotAI_D4_LoiterGRP, exiting...
02:36:24.522   SCRIPT    (E): ScenarioFramework: Object SCR_DefendWaypoint<0x0000000023B4FD70> @"ENTITY:4611686018427390093" ('SCR_DefendWaypoint') at <1039.057007 3.269000 6008.433105> @"{93291E72AC23930F}Prefabs/AI/Waypoints/AIWaypoint_Defend.et" already exists and won't be spawned for SlotWP_DL2_Roadblock, exiting...
02:36:24.522   SCRIPT    (E): ScenarioFramework: Object SCR_DefendWaypoint<0x000000002557C030> @"ENTITY:4611686018427390094" ('SCR_DefendWaypoint') at <1076.984985 10.749001 6011.923828> @"{93291E72AC23930F}Prefabs/AI/Waypoints/AIWaypoint_Defend.et" already exists and won't be spawned for SlotWP_DL2_RoodTop, exiting...
02:36:24.522   SCRIPT    (E): ScenarioFramework: Object SCR_DefendWaypoint<0x000000002557C1B8> @"ENTITY:4611686018427390095" ('SCR_DefendWaypoint') at <1077.238892 7.380000 6011.816895> @"{4ECD14650D82F5CA}Prefabs/AI/Waypoints/AIWaypoint_Loiter_CO.et" already exists and won't be spawned for SLotWP_DL2_BuildingFoor1, exiting...
02:36:24.522   SCRIPT    (E): ScenarioFramework: Object SCR_AIWaypoint<0x00000000229BE628> @"ENTITY:4611686018427390096" ('SCR_AIWaypoint') at <1055.427002 2.836000 6043.532715> @"{22A875E30470BD4F}Prefabs/AI/Waypoints/AIWaypoint_Patrol.et" already exists and won't be spawned for SlotWP_DL2_Patrol_W3, exiting...
02:36:24.522   SCRIPT    (E): ScenarioFramework: Object SCR_AIWaypoint<0x00000000229BE790> @"ENTITY:4611686018427390097" ('SCR_AIWaypoint') at <2918.864990 77.780998 6566.250000> @"{22A875E30470BD4F}Prefabs/AI/Waypoints/AIWaypoint_Patrol.et" already exists and won't be spawned for SlotWP_DL4_GRP1_Patrol3, exiting...
02:36:24.522   SCRIPT    (E): ScenarioFramework: Object Vehicle<0x000000002406C900> @"ENTITY:4611686018427390098" ('Vehicle','Assets/Vehicles/Wheeled/Ural4320/Ural_4320_base.xob') at <2920.916016 76.179001 6640.423828> @"{16C1F16C9B053801}Prefabs/Vehicles/Wheeled/Ural4320/Ural4320_transport.et" already exists and won't be spawned for SlotVeh_DL4_URAL2, exiting...
02:36:24.522   SCRIPT    (E): ScenarioFramework: Object SCR_ChimeraCharacter<0x0000793B41E13DF0> @"ENTITY:4611686018427390166" ('SCR_ChimeraCharacter','Assets/Character/Men/REAPER_BaseBody_Upgrade.xob') at <1648.817993 71.785004 5752.841797> @"{0249A4F665B8B61C}Prefabs/AI/EnemyCharacters/AI_soldier_AK74_2.et" already exists and won't be spawned for SlotAI_GasStation_Single2, exiting...
02:36:24.522   SCRIPT    (E): ScenarioFramework: Object SCR_AIWaypoint<0x00000000255A88A0> @"ENTITY:4611686018427390195" ('SCR_AIWaypoint') at <2694.114990 75.237999 4652.574707> @"{22A875E30470BD4F}Prefabs/AI/Waypoints/AIWaypoint_Patrol.et" already exists and won't be spawned for SlotWP_Patrol1_informant3_W3, exiting...
02:36:24.522   SCRIPT    (E): ScenarioFramework: Object SCR_TimedWaypoint<0x0000000023B6ACC0> @"ENTITY:4611686018427390196" ('SCR_TimedWaypoint') at <2871.197021 92.367996 4845.799805> @"{B3E7B8DC2BAB8ACC}Prefabs/AI/Waypoints/AIWaypoint_SearchAndDestroy.et" already exists and won't be spawned for SlotWP_Patrol2_informant3_W3, exiting...
02:36:24.522   SCRIPT    (E): ScenarioFramework: Object SCR_CharacterTriggerEntity<0x00000000256870C0> @"ENTITY:4611686018427390197" ('SCR_CharacterTriggerEntity') at <2877.335938 97.884995 4849.841797> @"{47D49EA6A216CFD5}Prefabs/ScenarioFramework/Triggers/TriggerCharacterSlow.et" already exists and won't be spawned for SlotTrigger_Informant3_Attack, exiting...
02:36:24.522   SCRIPT    (E): ScenarioFramework: Object SCR_ChimeraCharacter<0x00000000255D01D0> @"ENTITY:4611686018427390198" ('SCR_ChimeraCharacter','Assets/Character/Men/REAPER_BaseBody_Upgrade.xob') at <4807.781250 169.826004 6982.312988> @"{0249A4F665B8B61C}Prefabs/AI/EnemyCharacters/AI_soldier_AK74_2.et" already exists and won't be spawned for SlotAI_Montignac_gunner1, exiting...
02:36:24.522   SCRIPT    (E): ScenarioFramework: Object SCR_AIWaypoint<0x00000000255A8B70> @"ENTITY:4611686018427390228" ('SCR_AIWaypoint') at <3499.010254 135.895004 4462.259766> @"{750A8D1695BD6998}Prefabs/AI/Waypoints/AIWaypoint_Move.et" already exists and won't be spawned for wp_PatrolVehicle1_03, exiting...
02:36:24.522   SCRIPT    (E): ScenarioFramework: Object Vehicle<0x000000002406D928> @"ENTITY:4611686018427390229" ('Vehicle','Assets/Vehicles/Wheeled/UAZ469/UAZ469_base.xob') at <3190.883057 116.473999 5176.806641> @"{0B4DEA8078B78A9B}Prefabs/Vehicles/Wheeled/UAZ469/UAZ469_PKM.et" already exists and won't be spawned for SlotVeh_PatrolVehicle1, exiting...
02:36:24.523   SCRIPT    (E): ScenarioFramework: Object <0x0000000025A76C50> SCR_AIGroup already exists and won't be spawned for SlotAI_PinewoodForest_GRP1, exiting...
02:36:24.523   SCRIPT    (E): ScenarioFramework: Object Vehicle<0x000000002406DAA0> @"ENTITY:4611686018427390286" ('Vehicle','Assets/Vehicles/Wheeled/UAZ469/UAZ469_base.xob') at <3462.473877 167.677002 5921.980957> @"{D4855501D5B12AF2}Prefabs/Vehicles/Wheeled/UAZ469/UAZ469_uncovered_CIV_teal.et" already exists and won't be spawned for SlotVeh_ammobox_hill, exiting...
02:36:24.523   SCRIPT    (E): ScenarioFramework: Object Vehicle<0x000000002406DC18> @"ENTITY:4611686018427390334" ('Vehicle','Assets/Vehicles/Wheeled/UAZ469/UAZ469_base.xob') at <7976.371094 173.449997 4491.113770> @"{9B3A89DD33FF0483}Prefabs/Vehicles/Wheeled/UAZ469/UAZ469_uncovered_CIV_blue.et" already exists and won't be spawned for SlotVeh_levie, exiting...
02:36:24.523   SCRIPT    (E): ScenarioFramework: Object SCR_CharacterTriggerEntity<0x0000000025A94330> @"ENTITY:4611686018427390382" ('SCR_CharacterTriggerEntity') at <4859.017090 115.408997 8050.696777> @"{47D49EA6A216CFD5}Prefabs/ScenarioFramework/Triggers/TriggerCharacterSlow.et" already exists and won't be spawned for SlotTrigger_Gorey, exiting...
02:36:24.523   SCRIPT    (E): ScenarioFramework: Object SCR_EntityWaypoint<0x0000000025895B80> @"ENTITY:4611686018427390383" ('SCR_EntityWaypoint') at <4479.600098 58.313999 6184.839844> @"{1B0E3436C30FA211}Prefabs/AI/Waypoints/AIWaypoint_Attack.et" already exists and won't be spawned for SlotWP_Campside_AttackVeh_SAD, exiting...
02:36:24.523   SCRIPT    (E): ScenarioFramework: Object SCR_ChimeraCharacter<0x00000000255D09F0> @"ENTITY:4611686018427390384" ('SCR_ChimeraCharacter','Assets/Character/Men/REAPER_BaseBody_Upgrade.xob') at <4477.167969 61.931000 6188.930664> @"{D463076156752A55}Prefabs/AI/EnemyCharacters/AI_soldier_AK74_3.et" already exists and won't be spawned for SlotAI_CampsideSingle2, exiting...
02:36:24.523   SCRIPT    (E): ScenarioFramework: Object Vehicle<0x000000002406E4E8> @"ENTITY:4611686018427390415" ('Vehicle','Assets/Vehicles/Wheeled/S105/S105_base.xob') at <4470.275879 58.580997 6211.737793> @"{54C3CC22DEBD57BE}Prefabs/Vehicles/Wheeled/S105/S105_beige.et" already exists and won't be spawned for Campside_CIV_vehicle3, exiting...
02:36:24.523   SCRIPT    (E): ScenarioFramework: Object SCR_ChimeraCharacter<0x00000000255D0ED0> @"ENTITY:4611686018427390473" ('SCR_ChimeraCharacter','Assets/Character/Men/REAPER_BaseBody_Upgrade.xob') at <2250.854980 8.497000 6531.354980> @"{11D3F19EB64AFA8A}Prefabs/Characters/Factions/CIV/ConstructionWorker/Character_CIV_ConstructionWorker_4.et" already exists and won't be spawned for SlotAI_CS_CIV3, exiting...
02:36:24.523   SCRIPT    (E): ScenarioFramework: Object SCR_AIWaypoint<0x0000000025B98468> @"ENTITY:4611686018427390488" ('SCR_AIWaypoint') at <3902.936035 122.195999 4882.684082> @"{22A875E30470BD4F}Prefabs/AI/Waypoints/AIWaypoint_Patrol.et" already exists and won't be spawned for SlotWP_NBuilding3, exiting...
02:36:24.523   SCRIPT    (E): ScenarioFramework: Object SCR_AIWaypoint<0x0000000025B985D0> @"ENTITY:4611686018427390489" ('SCR_AIWaypoint') at <3674.260010 108.909996 4866.362305> @"{22A875E30470BD4F}Prefabs/AI/Waypoints/AIWaypoint_Patrol.et" already exists and won't be spawned for WP3_Patrol_RoadBlock1, exiting...
02:36:24.523   SCRIPT    (E): ScenarioFramework: Object Vehicle<0x000000002406EC40> @"ENTITY:4611686018427390490" ('Vehicle','Assets/Vehicles/Wheeled/UAZ469/UAZ469_base.xob') at <7064.827148 119.613998 6051.373047> @"{5070B3749C7782D8}Prefabs/Vehicles/Wheeled/UAZ469/UAZ469_covered_CIV_JZD.et" already exists and won't be spawned for SlotVeh_placedVehicle_02, exiting...
02:36:24.523   SCRIPT    (E): ScenarioFramework: Object Vehicle<0x000000002406EDB8> @"ENTITY:4611686018427390556" ('Vehicle','Assets/Vehicles/REAPER_RHIB/REAPER_RIB.xob') at <4924.721191 -0.319000 3850.167969> @"{2006ADD2700C6D45}Prefabs/Vehicles/RHIB/REAPER_RHIB_BK.et" already exists and won't be spawned for SlotVEH_RHIB1, exiting...
02:36:24.820 WORLD        : UpdateEntities
02:36:24.820  WORLD        : FixedFrame
02:36:24.820   SCRIPT    (E): ScenarioFramework: Object SCR_DefendWaypoint<0x0000000025C37A60> @"ENTITY:4611686018427391167" ('SCR_DefendWaypoint') at <7387.542969 9.762993 6732.283203> @"{93291E72AC23930F}Prefabs/AI/Waypoints/AIWaypoint_Defend.et" already exists and won't be spawned for SlotWP_EL3_Patrol_W1, exiting...
02:36:24.820   SCRIPT    (E): ScenarioFramework: Object SCR_CharacterTriggerEntity<0x0000000025CCE4F0> @"ENTITY:4611686018427391168" ('SCR_CharacterTriggerEntity') at <7413.479004 15.993996 6695.796875> @"{47D49EA6A216CFD5}Prefabs/ScenarioFramework/Triggers/TriggerCharacterSlow.et" already exists and won't be spawned for EL3_AttackTrigger, exiting...
02:36:24.820   SCRIPT    (E): ScenarioFramework: Object <0x000000002654D9F0> SCR_AIGroup already exists and won't be spawned for SlotAI_EL3_GRP_Patrol, exiting...
02:36:24.820   SCRIPT    (E): ScenarioFramework: Object Vehicle<0x000000002631A080> @"ENTITY:4611686018427391103" ('Vehicle','Assets/Vehicles/Wheeled/Ural4320/Ural_4320_base.xob') at <1086.346924 2.781000 6034.487305> @"{3336BE330C4F355B}Prefabs/Vehicles/Wheeled/Ural4320/Ural4320_ammo.et" already exists and won't be spawned for Slot_URAL1_Download2, exiting...
02:36:25.581 WORLD        : UpdateEntities
02:36:25.581  WORLD        : FixedFrame
02:36:25.581   SCRIPT    (E): ScenarioFramework: Object GenericEntity<0x0000000028582340> @"ENTITY:4611686018427392306" ('GenericEntity','Assets/empty.xob') at <2883.066895 93.648003 4857.460938> @"{C3552E3077B439EB}Prefabs/empty_slot.et" already exists and won't be spawned for SlotTalkToInformant3, exiting...
02:36:25.581   SCRIPT    (E): ScenarioFramework: Object SCR_DefendWaypoint<0x0000000025C37BE8> @"ENTITY:4611686018427392307" ('SCR_DefendWaypoint') at <2850.180908 91.376007 4862.478027> @"{4ECD14650D82F5CA}Prefabs/AI/Waypoints/AIWaypoint_Loiter_CO.et" already exists and won't be spawned for SlotWaypoint9, exiting...
02:36:25.581   SCRIPT    (E): ScenarioFramework: Object GenericEntity<0x0000000026317660> @"ENTITY:4611686018427391102" ('GenericEntity') at <9724.497070 17.337000 5320.151855> @"{7C8453E612E28222}Prefabs/Task/REAPER_CustomMapMarker.et" already exists and won't be spawned for MarkerDefuseBomb4, exiting...
02:36:25.699   ENTITY       : SpawnEntityPrefab @"{C1BC430CBC7AFDB3}Prefabs/Weapons/Explosives/TNT_Time_bomb/Time_bomb_TNT.et"
02:36:25.699    ENTITY       : Create entity @"ENTITY:4611686018427392625" ('GenericEntity','Assets/Weapons/Explosive/Time_bomb.xob') at <2263.854004 9.780000 6521.416992> @"{C1BC430CBC7AFDB3}Prefabs/Weapons/Explosives/TNT_Time_bomb/Time_bomb_TNT.et"
02:36:25.699     RESOURCES    : GetResourceObject @"{E6D3AC3088E43C3E}Assets/Weapons/Explosives/workspace/TSh400g.asi"
02:36:25.699      ANIMATION    : AnimSetInstanceImpl load @"{E6D3AC3088E43C3E}Assets/Weapons/Explosives/workspace/TSh400g.asi"
02:36:25.699       RESOURCES (E): Wrong GUID/name for resource @"{C4244C677F019957}Assets/Weapons/Explosives/DemoBlock_TSh400g/anims/p_M112_IK.anm" in property "IkPose"
02:36:25.702       RESOURCES    : GetResourceObject @"{C4244C677F019957}Assets/Weapons/Explosives/DemoBlock_TSh400g/anims/p_M112_IK.anm"
02:36:25.702        RESOURCES (E): Failed to open
02:36:25.717   SCRIPT    (E): ScenarioFramework: Object SCR_AIWaypoint<0x0000000025B9AD30> @"ENTITY:4611686018427392308" ('SCR_AIWaypoint') at <9551.403320 12.590000 5279.492676> @"{22A875E30470BD4F}Prefabs/AI/Waypoints/AIWaypoint_Patrol.et" already exists and won't be spawned for SlotWP_D4_Patrol1_W4, exiting...
02:36:25.717   SCRIPT    (E): ScenarioFramework: Object Vehicle<0x00000000280A7510> @"ENTITY:4611686018427392309" ('Vehicle','Assets/Vehicles/Wheeled/Ural4320/Ural_4320_base.xob') at <9780.825195 6.940001 5331.687988> @"{16C1F16C9B053801}Prefabs/Vehicles/Wheeled/Ural4320/Ural4320_transport.et" already exists and won't be spawned for SlotVeh_D4_Veh1, exiting...
02:36:25.717   SCRIPT    (E): ScenarioFramework: Object SCR_DefendWaypoint<0x00000000285AE800> @"ENTITY:4611686018427392377" ('SCR_DefendWaypoint') at <1075.950928 4.209000 6011.240723> @"{4ECD14650D82F5CA}Prefabs/AI/Waypoints/AIWaypoint_Loiter_CO.et" already exists and won't be spawned for SLotWP_DL2_BuildingFoor0, exiting...
02:36:25.717   SCRIPT    (E): ScenarioFramework: Object SCR_AIWaypoint<0x00000000285D0CD8> @"ENTITY:4611686018427392378" ('SCR_AIWaypoint') at <995.152954 2.843000 6037.884766> @"{22A875E30470BD4F}Prefabs/AI/Waypoints/AIWaypoint_Patrol.et" already exists and won't be spawned for SlotWP_DL2_Patrol_W4, exiting...
02:36:25.717   SCRIPT    (E): ScenarioFramework: Object SCR_EntityWaypoint<0x0000000025DFF3F0> @"ENTITY:4611686018427392379" ('SCR_EntityWaypoint') at <1061.500977 3.098000 6029.593262> @"{1B0E3436C30FA211}Prefabs/AI/Waypoints/AIWaypoint_Attack.et" already exists and won't be spawned for SlotWP_DL2_Attack, exiting...
02:36:25.717   SCRIPT    (E): ScenarioFramework: Object SCR_AIWaypoint<0x00000000285D0E40> @"ENTITY:4611686018427392380" ('SCR_AIWaypoint') at <2874.120117 75.809998 6626.112793> @"{22A875E30470BD4F}Prefabs/AI/Waypoints/AIWaypoint_Patrol.et" already exists and won't be spawned for SlotWP_DL4_GRP1_Patrol4, exiting...
02:36:25.717   SCRIPT    (E): ScenarioFramework: Object SCR_ChimeraCharacter<0x00000000255D16F0> @"ENTITY:4611686018427392381" ('SCR_ChimeraCharacter','Assets/Character/Men/REAPER_BaseBody_Upgrade.xob') at <2935.448975 76.602997 6682.097168> @"{F01A00E272A5D609}Prefabs/AI/EnemyCharacters/AI_soldier_M14_EBR_SNIPER.et" already exists and won't be spawned for SlotAI_DL4_DeerTower, exiting...
02:36:25.717   SCRIPT    (E): ScenarioFramework: Object SCR_ChimeraCharacter<0x00000000255D1A30> @"ENTITY:4611686018427392414" ('SCR_ChimeraCharacter','Assets/Character/Men/REAPER_BaseBody_Upgrade.xob') at <1663.888062 71.929001 5702.485840> @"{865C0643B2D7C3FF}Prefabs/AI/EnemyCharacters/AI_soldier_PKM.et" already exists and won't be spawned for SlotAI_GasStation_Single3, exiting...
02:36:25.717   SCRIPT    (E): ScenarioFramework: Object SCR_AIWaypoint<0x00000000285D1278> @"ENTITY:4611686018427392446" ('SCR_AIWaypoint') at <2763.694092 72.255997 4618.199707> @"{22A875E30470BD4F}Prefabs/AI/Waypoints/AIWaypoint_Patrol.et" already exists and won't be spawned for SlotWP_Patrol1_informant3_W4, exiting...
02:36:25.717   SCRIPT    (E): ScenarioFramework: Object AIWaypointCycle<0x00000000255D1D70> @"ENTITY:4611686018427392447" ('AIWaypointCycle') at <2940.662109 77.561996 4648.803711> @"{35BD6541CBB8AC08}Prefabs/AI/Waypoints/AIWaypoint_Cycle.et" already exists and won't be spawned for SlotWP_Patrol1_Informant3, exiting...
02:36:25.717   SCRIPT    (E): ScenarioFramework: Object SCR_ChimeraCharacter<0x00000000255D1F10> @"ENTITY:4611686018427392448" ('SCR_ChimeraCharacter','Assets/Character/Men/REAPER_BaseBody_Upgrade.xob') at <4809.249023 169.895004 6974.114258> @"{E12AC797F9C2BBAA}Prefabs/AI/EnemyCharacters/AI_Leader1.et" already exists and won't be spawned for SlotAI_Montignac_gunner2, exiting...
02:36:25.717   SCRIPT    (E): ScenarioFramework: Object SCR_AIWaypoint<0x00000000285D1548> @"ENTITY:4611686018427392488" ('SCR_AIWaypoint') at <2606.952148 94.158997 5408.833008> @"{750A8D1695BD6998}Prefabs/AI/Waypoints/AIWaypoint_Move.et" already exists and won't be spawned for wp_PatrolVehicle1_04, exiting...
02:36:25.717   SCRIPT    (E): ScenarioFramework: Object Vehicle<0x0000000028CDCEE0> @"ENTITY:4611686018427392489" ('Vehicle','Assets/Vehicles/Wheeled/UAZ469/UAZ469_base.xob') at <4002.139160 103.584999 5966.510742> @"{0B4DEA8078B78A9B}Prefabs/Vehicles/Wheeled/UAZ469/UAZ469_PKM.et" already exists and won't be spawned for SlotVeh_PatrolVehicle2, exiting...
02:36:25.717   SCRIPT    (E): ScenarioFramework: Object SCR_ChimeraCharacter<0x00000000255D23F0> @"ENTITY:4611686018427392545" ('SCR_ChimeraCharacter','Assets/Character/Men/REAPER_BaseBody_Upgrade.xob') at <3557.067139 114.781998 5406.020996> @"{E12AC797F9C2BBAA}Prefabs/AI/EnemyCharacters/AI_Leader1.et" already exists and won't be spawned for SlotAI_PinewoodForest_Single1, exiting...
02:36:25.717   SCRIPT    (E): ScenarioFramework: Object SCR_BoardingWaypoint<0x0000000028D70480> @"ENTITY:4611686018427392585" ('SCR_BoardingWaypoint') at <4497.992188 59.197998 6243.372070> @"{C40316EE26846CAB}Prefabs/AI/Waypoints/AIWaypoint_GetOut.et" already exists and won't be spawned for SlotWP_Campside_AttackVeh_GetOut, exiting...
02:36:25.717   SCRIPT    (E): ScenarioFramework: Object SCR_ChimeraCharacter<0x00000000255D2730> @"ENTITY:4611686018427392586" ('SCR_ChimeraCharacter','Assets/Character/Men/REAPER_BaseBody_Upgrade.xob') at <4482.821289 58.125999 6189.582031> @"{68E2BF8E49E3A3EF}Prefabs/AI/EnemyCharacters/AI_Leader5_NVG.et" already exists and won't be spawned for SlotAI_CampsideSingle3, exiting...
02:36:25.717   SCRIPT    (E): ScenarioFramework: Object GenericEntity<0x0000000028DAFDD0> @"ENTITY:4611686018427392625" ('GenericEntity','Assets/Weapons/Explosive/Time_bomb.xob') at <2263.854004 9.780000 6521.416992> @"{C1BC430CBC7AFDB3}Prefabs/Weapons/Explosives/TNT_Time_bomb/Time_bomb_TNT.et" already exists and won't be spawned for Slot_CS_Explosive1, exiting...
02:36:25.717   SCRIPT    (E): ScenarioFramework: Object SCR_ChimeraCharacter<0x00000000255D2A70> @"ENTITY:4611686018427392626" ('SCR_ChimeraCharacter','Assets/Character/Men/REAPER_BaseBody_Upgrade.xob') at <2265.771973 9.011000 6522.876953> @"{F44FBD67BAAF6DE1}Prefabs/Characters/Factions/CIV/ConstructionWorker/Character_CIV_ConstructionWorker_5.et" already exists and won't be spawned for SlotAI_CS_CIV4, exiting...
02:36:25.717   SCRIPT    (E): ScenarioFramework: Object SCR_AIWaypoint<0x00000000285D2628> @"ENTITY:4611686018427392641" ('SCR_AIWaypoint') at <3903.319092 118.676994 4884.560059> @"{22A875E30470BD4F}Prefabs/AI/Waypoints/AIWaypoint_Patrol.et" already exists and won't be spawned for SlotWP_NBuilding4, exiting...
02:36:25.717   SCRIPT    (E): ScenarioFramework: Object SCR_AIWaypoint<0x00000000285D2790> @"ENTITY:4611686018427392642" ('SCR_AIWaypoint') at <3614.734863 105.613998 4851.193359> @"{22A875E30470BD4F}Prefabs/AI/Waypoints/AIWaypoint_Patrol.et" already exists and won't be spawned for WP4_Patrol_RoadBlock1, exiting...
02:36:25.717   SCRIPT    (E): ScenarioFramework: Object Vehicle<0x0000000028CDE950> @"ENTITY:4611686018427392643" ('Vehicle','Assets/Vehicles/Wheeled/UAZ469/UAZ469_base.xob') at <5262.455078 65.784996 5272.750977> @"{5070B3749C7782D8}Prefabs/Vehicles/Wheeled/UAZ469/UAZ469_covered_CIV_JZD.et" already exists and won't be spawned for SlotVeh_placedVehicle_03, exiting...
02:36:25.717   SCRIPT    (E): ScenarioFramework: Object Vehicle<0x0000000028CDEAC8> @"ENTITY:4611686018427392709" ('Vehicle','Assets/Vehicles/REAPER_RHIB/REAPER_RIB.xob') at <4913.379883 -0.300000 3857.501953> @"{2006ADD2700C6D45}Prefabs/Vehicles/RHIB/REAPER_RHIB_BK.et" already exists and won't be spawned for SlotVEH_RHIB2, exiting...
02:36:25.724   SCRIPT    (E): ScenarioFramework: Object SCR_DefendWaypoint<0x00000000299DD108> @"ENTITY:4611686018427392782" ('SCR_DefendWaypoint') at <7442.311035 9.207993 6683.943848> @"{93291E72AC23930F}Prefabs/AI/Waypoints/AIWaypoint_Defend.et" already exists and won't be spawned for SlotWP_EL3_Patrol_W2, exiting...
02:36:25.724   SCRIPT    (E): ScenarioFramework: Object <0x0000000029B2F9A0> SCR_AIGroup already exists and won't be spawned for SlotAI_EL3_GRP_Patrol2, exiting...
02:36:25.724   SCRIPT    (E): ScenarioFramework: Object Vehicle<0x0000000028CDEC40> @"ENTITY:4611686018427392714" ('Vehicle','Assets/Vehicles/Wheeled/Ural4320/Ural_4320_base.xob') at <1086.462891 2.781000 6029.541992> @"{16C1F16C9B053801}Prefabs/Vehicles/Wheeled/Ural4320/Ural4320_transport.et" already exists and won't be spawned for Slot_URAL2_Download2, exiting...
